ASxxxx Linker V03.00 + NoICE + sdld,  page 1.
Hexadecimal  [32-Bits]

Area                                    Addr        Size        Decimal Bytes (Attributes)
--------------------------------        ----        ----        ------- ----- ------------
CABS                                00000000    00000000 =           0. bytes (ABS,CON,CODE)

      Value  Global                              Global Defined In Module
      -----  --------------------------------   ------------------------
C:   00000000  l_CABS                          
C:   00000000  l_GSINIT1                       
C:   00000000  l_GSINIT5                       
C:   00000000  l_IABS                          
C:   00000000  l_ISEG                          
C:   00000000  l_OSEG                          
C:   00000000  l_PSEG                          
C:   00000000  l_REG_BANK_1                    
C:   00000000  l_REG_BANK_2                    
C:   00000000  l_REG_BANK_3                    
C:   00000000  l_RSEG                          
C:   00000000  l_RSEG0                         
C:   00000000  l_RSEG1                         
C:   00000000  l_XABS                          
C:   00000000  l_XINIT                         
C:   00000000  l_XISEG                         
C:   00000000  l_XSEG                          
C:   00000000  l__CODE                         
C:   00000000  s_BSEG                          
C:   00000000  s_CABS                          
C:   00000000  s_DSEG                          
C:   00000000  s_HOME                          
C:   00000000  s_IABS                          
C:   00000000  s_ISEG                          
C:   00000000  s_PSEG                          
C:   00000000  s_REG_BANK_0                    
C:   00000000  s_RSEG                          
C:   00000000  s_RSEG0                         
C:   00000000  s_RSEG1                         
C:   00000000  s_XABS                          
C:   00000000  s_XABS2                         
C:   00000000  s_XABS3                         
C:   00000000  s_XABS4                         
C:   00000000  s_XABS5                         
C:   00000000  s_XABS6                         
C:   00000000  s_XABS7                         
C:   00000000  s_XISEG                         
C:   00000000  s_XSEG                          
C:   00000001  l_BIT_BANK                      
C:   00000001  l_BSEG_BYTES                    
C:   00000003  l_BSEG                          
C:   00000003  l_GSFINAL                       
C:   00000003  l_GSINIT0                       
C:   00000007  l_XABS6                         
C:   00000007  l_XABS7                         
C:   00000008  l_REG_BANK_0                    
C:   00000008  s_REG_BANK_1                    
C:   00000009  l_XABS4                         
C:   00000009  l_XABS5                         
C:   0000000A  l_GSINIT2                       
ASxxxx Linker V03.00 + NoICE + sdld,  page 2.
Hexadecimal  [32-Bits]

Area                                    Addr        Size        Decimal Bytes (Attributes)
--------------------------------        ----        ----        ------- ----- ------------
CABS                                00000000    00000000 =           0. bytes (ABS,CON,CODE)

      Value  Global                              Global Defined In Module
      -----  --------------------------------   ------------------------
C:   0000000A  l_XABS3                         
C:   00000010  s_REG_BANK_2                    
C:   00000012  l_XABS2                         
C:   00000018  s_REG_BANK_3                    
C:   00000020  s_BSEG_BYTES                    
C:   00000020  s__CODE                         
C:   00000021  s_BIT_BANK                      
C:   00000021  s_OSEG                          
C:   00000022  l_GSINIT3                       
C:   00000022  s_SSEG                          
C:   0000002A  l_GSINIT4                       
C:   0000003A  l_CONST                         
C:   00000079  l_DSEG                          
C:   00000079  l_HOME                          
C:   00000079  s_GSINIT0                       
C:   0000007C  s_GSINIT1                       
C:   0000007C  s_GSINIT2                       
C:   00000086  s_GSINIT3                       
C:   000000A8  s_GSINIT4                       
C:   000000D2  s_GSINIT                        
C:   000000D2  s_GSINIT5                       
C:   000000DE  l_SSEG                          
C:   00000100  l_IRAM                          
C:   00000164  l_GSINIT                        
C:   00000236  s_GSFINAL                       
C:   00000239  s_CSEG                          
C:   00000727  l_CSEG                          
C:   00000960  s_CONST                         
C:   0000099A  s_XINIT                         

ASxxxx Linker V03.00 + NoICE + sdld,  page 3.
Hexadecimal  [32-Bits]

Area                                    Addr        Size        Decimal Bytes (Attributes)
--------------------------------        ----        ----        ------- ----- ------------
XABS7                               00000000    00000007 =           7. bytes (ABS,CON,XDATA)

      Value  Global                              Global Defined In Module
      -----  --------------------------------   ------------------------
D:   00003D49  _myOutEndpntDscr                   convert_serial2

ASxxxx Linker V03.00 + NoICE + sdld,  page 4.
Hexadecimal  [32-Bits]

Area                                    Addr        Size        Decimal Bytes (Attributes)
--------------------------------        ----        ----        ------- ----- ------------
XABS6                               00000000    00000007 =           7. bytes (ABS,CON,XDATA)

      Value  Global                              Global Defined In Module
      -----  --------------------------------   ------------------------
D:   00003D42  _myInEndpntDscr                    convert_serial2

ASxxxx Linker V03.00 + NoICE + sdld,  page 5.
Hexadecimal  [32-Bits]

Area                                    Addr        Size        Decimal Bytes (Attributes)
--------------------------------        ----        ----        ------- ----- ------------
XABS5                               00000000    00000009 =           9. bytes (ABS,CON,XDATA)

      Value  Global                              Global Defined In Module
      -----  --------------------------------   ------------------------
D:   00003D39  _myIntrfcDscr                      convert_serial2

ASxxxx Linker V03.00 + NoICE + sdld,  page 6.
Hexadecimal  [32-Bits]

Area                                    Addr        Size        Decimal Bytes (Attributes)
--------------------------------        ----        ----        ------- ----- ------------
XABS4                               00000000    00000009 =           9. bytes (ABS,CON,XDATA)

      Value  Global                              Global Defined In Module
      -----  --------------------------------   ------------------------
D:   00003D30  _myConfigDscr                      convert_serial2

ASxxxx Linker V03.00 + NoICE + sdld,  page 7.
Hexadecimal  [32-Bits]

Area                                    Addr        Size        Decimal Bytes (Attributes)
--------------------------------        ----        ----        ------- ----- ------------
XABS3                               00000000    0000000A =          10. bytes (ABS,CON,XDATA)

      Value  Global                              Global Defined In Module
      -----  --------------------------------   ------------------------
D:   00003D20  _myDeviceQualDscr                  convert_serial2

ASxxxx Linker V03.00 + NoICE + sdld,  page 8.
Hexadecimal  [32-Bits]

Area                                    Addr        Size        Decimal Bytes (Attributes)
--------------------------------        ----        ----        ------- ----- ------------
XABS2                               00000000    00000012 =          18. bytes (ABS,CON,XDATA)

      Value  Global                              Global Defined In Module
      -----  --------------------------------   ------------------------
D:   00003D00  _myDeviceDscr                      convert_serial2

ASxxxx Linker V03.00 + NoICE + sdld,  page 9.
Hexadecimal  [32-Bits]

Area                                    Addr        Size        Decimal Bytes (Attributes)
--------------------------------        ----        ----        ------- ----- ------------
.  .ABS.                            00000000    00000000 =           0. bytes (ABS,CON)

      Value  Global                              Global Defined In Module
      -----  --------------------------------   ------------------------
     00000000  .__.ABS.                           _startup
     00000080  _IOA                               convert_serial2
     00000081  _SP                                convert_serial2
     00000082  _DPL                               convert_serial2
     00000083  _DPH                               convert_serial2
     00000084  _DPL1                              convert_serial2
     00000085  _DPH1                              convert_serial2
     00000086  _DPS                               convert_serial2
     00000087  _PCON                              convert_serial2
     00000088  _TCON                              convert_serial2
     00000089  _TMOD                              convert_serial2
     0000008A  _TL0                               convert_serial2
     0000008B  _TL1                               convert_serial2
     0000008C  _TH0                               convert_serial2
     0000008D  _TH1                               convert_serial2
     0000008E  _CKCO                              convert_serial2
     0000008F  _SPC_                              convert_serial2
     00000090  _IOB                               convert_serial2
     00000091  _EXIF                              convert_serial2
     00000092  _MPA                               convert_serial2
     00000098  _SCO                               convert_serial2
     00000099  _SBU                               convert_serial2
     0000009A  _APTR1H                            convert_serial2
     0000009B  _APTR1L                            convert_serial2
     0000009C  _AUTODAT1                          convert_serial2
     0000009D  _AUTOPTRH2                         convert_serial2
     0000009E  _AUTOPTRL2                         convert_serial2
     0000009F  _AUTODAT2                          convert_serial2
     000000A0  _IOC                               convert_serial2
     000000A0  __XPAGE                            
     000000A1  _INT2CLR                           convert_serial2
     000000A2  _INT4CLR                           convert_serial2
     000000A8  _IE                                convert_serial2
     000000AA  _EP2468STAT                        convert_serial2
     000000AB  _EP24FIFOFLGS                      convert_serial2
     000000AC  _EP68FIFOFLGS                      convert_serial2
     000000AF  _AUTOPTRSETUP                      convert_serial2
     000000B0  _IOD                               convert_serial2
     000000B1  _IOE                               convert_serial2
     000000B2  _OEA                               convert_serial2
     000000B3  _OEB                               convert_serial2
     000000B4  _OEC                               convert_serial2
     000000B5  _OED                               convert_serial2
     000000B6  _OEE                               convert_serial2
     000000B8  _IP                                convert_serial2
     000000BA  _EP01STAT                          convert_serial2
     000000BB  _GPIFTRIG                          convert_serial2
     000000BD  _GPIFSGLDATH                       convert_serial2
     000000BE  _GPIFSGLDATLX                      convert_serial2
     000000BF  _GPIFSGLDATLNOX                    convert_serial2
ASxxxx Linker V03.00 + NoICE + sdld,  page 10.
Hexadecimal  [32-Bits]

Area                                    Addr        Size        Decimal Bytes (Attributes)
--------------------------------        ----        ----        ------- ----- ------------
.  .ABS.                            00000000    00000000 =           0. bytes (ABS,CON)

      Value  Global                              Global Defined In Module
      -----  --------------------------------   ------------------------
     000000C0  _SCON1                             convert_serial2
     000000C1  _SBUF1                             convert_serial2
     000000C8  _T2CON                             convert_serial2
     000000CA  _RCAP2L                            convert_serial2
     000000CB  _RCAP2H                            convert_serial2
     000000CC  _TL2                               convert_serial2
     000000CD  _TH2                               convert_serial2
     000000D0  _PSW                               convert_serial2
     000000D8  _EICON                             convert_serial2
     000000E0  _ACC                               convert_serial2
     000000E8  _EIE                               convert_serial2
     000000F0  _B                                 convert_serial2
     000000F5  _B_5                               _gptrget
     000000F6  _B_6                               _gptrget
     000000F7  _B_7                               _gptrget
     000000F8  _EIP                               convert_serial2
     0000E400  _GPIF_WAVE_DATA                    convert_serial2
     0000E480  _RES_WAVEDATA_END                  convert_serial2
     0000E600  _CPUCS                             convert_serial2
     0000E601  _IFCONFIG                          convert_serial2
     0000E602  _PINFLAGSAB                        convert_serial2
     0000E603  _PINFLAGSCD                        convert_serial2
     0000E604  _FIFORESET                         convert_serial2
     0000E605  _BREAKPT                           convert_serial2
     0000E606  _BPADDRH                           convert_serial2
     0000E607  _BPADDRL                           convert_serial2
     0000E608  _UART230                           convert_serial2
     0000E609  _FIFOPINPOLAR                      convert_serial2
     0000E60A  _REVID                             convert_serial2
     0000E60B  _REVCTL                            convert_serial2
     0000E60C  _GPIFHOLDAMOUNT                    convert_serial2
     0000E610  _EP1OUTCFG                         convert_serial2
     0000E611  _EP1INCFG                          convert_serial2
     0000E612  _EP2CFG                            convert_serial2
     0000E613  _EP4CFG                            convert_serial2
     0000E614  _EP6CFG                            convert_serial2
     0000E615  _EP8CFG                            convert_serial2
     0000E618  _EP2FIFOCFG                        convert_serial2
     0000E619  _EP4FIFOCFG                        convert_serial2
     0000E61A  _EP6FIFOCFG                        convert_serial2
     0000E61B  _EP8FIFOCFG                        convert_serial2
     0000E620  _EP2AUTOINLENH                     convert_serial2
     0000E621  _EP2AUTOINLENL                     convert_serial2
     0000E622  _EP4AUTOINLENH                     convert_serial2
     0000E623  _EP4AUTOINLENL                     convert_serial2
     0000E624  _EP6AUTOINLENH                     convert_serial2
     0000E625  _EP6AUTOINLENL                     convert_serial2
     0000E626  _EP8AUTOINLENH                     convert_serial2
     0000E627  _EP8AUTOINLENL                     convert_serial2
     0000E630  _EP2FIFOPFH                        convert_serial2
     0000E631  _EP2FIFOPFL                        convert_serial2
ASxxxx Linker V03.00 + NoICE + sdld,  page 11.
Hexadecimal  [32-Bits]

Area                                    Addr        Size        Decimal Bytes (Attributes)
--------------------------------        ----        ----        ------- ----- ------------
.  .ABS.                            00000000    00000000 =           0. bytes (ABS,CON)

      Value  Global                              Global Defined In Module
      -----  --------------------------------   ------------------------
     0000E632  _EP4FIFOPFH                        convert_serial2
     0000E633  _EP4FIFOPFL                        convert_serial2
     0000E634  _EP6FIFOPFH                        convert_serial2
     0000E635  _EP6FIFOPFL                        convert_serial2
     0000E636  _EP8FIFOPFH                        convert_serial2
     0000E637  _EP8FIFOPFL                        convert_serial2
     0000E640  _EP2ISOINPKTS                      convert_serial2
     0000E641  _EP4ISOINPKTS                      convert_serial2
     0000E642  _EP6ISOINPKTS                      convert_serial2
     0000E643  _EP8ISOINPKTS                      convert_serial2
     0000E648  _INPKTEND                          convert_serial2
     0000E649  _OUTPKTEND                         convert_serial2
     0000E650  _EP2FIFOIE                         convert_serial2
     0000E651  _EP2FIFOIRQ                        convert_serial2
     0000E652  _EP4FIFOIE                         convert_serial2
     0000E653  _EP4FIFOIRQ                        convert_serial2
     0000E654  _EP6FIFOIE                         convert_serial2
     0000E655  _EP6FIFOIRQ                        convert_serial2
     0000E656  _EP8FIFOIE                         convert_serial2
     0000E657  _EP8FIFOIRQ                        convert_serial2
     0000E658  _IBNIE                             convert_serial2
     0000E659  _IBNIRQ                            convert_serial2
     0000E65A  _NAKIE                             convert_serial2
     0000E65B  _NAKIRQ                            convert_serial2
     0000E65C  _USBIE                             convert_serial2
     0000E65D  _USBIRQ                            convert_serial2
     0000E65E  _EPIE                              convert_serial2
     0000E65F  _EPIRQ                             convert_serial2
     0000E660  _GPIFIE                            convert_serial2
     0000E661  _GPIFIRQ                           convert_serial2
     0000E662  _USBERRIE                          convert_serial2
     0000E663  _USBERRIRQ                         convert_serial2
     0000E664  _ERRCNTLIM                         convert_serial2
     0000E665  _CLRERRCNT                         convert_serial2
     0000E666  _INT2IVEC                          convert_serial2
     0000E667  _INT4IVEC                          convert_serial2
     0000E668  _INTSETUP                          convert_serial2
     0000E670  _PORTACFG                          convert_serial2
     0000E671  _PORTCCFG                          convert_serial2
     0000E672  _PORTECFG                          convert_serial2
     0000E678  _I2CS                              convert_serial2
     0000E679  _I2DAT                             convert_serial2
     0000E67A  _I2CTL                             convert_serial2
     0000E67B  _XAUTODAT1                         convert_serial2
     0000E67C  _XAUTODAT2                         convert_serial2
     0000E67D  _UDMACRCH                          convert_serial2
     0000E67E  _UDMACRCL                          convert_serial2
     0000E67F  _UDMACRCQUAL                       convert_serial2
     0000E680  _USBCS                             convert_serial2
     0000E681  _SUSPEND                           convert_serial2
     0000E682  _WAKEUPCS                          convert_serial2
ASxxxx Linker V03.00 + NoICE + sdld,  page 12.
Hexadecimal  [32-Bits]

Area                                    Addr        Size        Decimal Bytes (Attributes)
--------------------------------        ----        ----        ------- ----- ------------
.  .ABS.                            00000000    00000000 =           0. bytes (ABS,CON)

      Value  Global                              Global Defined In Module
      -----  --------------------------------   ------------------------
     0000E683  _TOGCTL                            convert_serial2
     0000E684  _USBFRAMEH                         convert_serial2
     0000E685  _USBFRAMEL                         convert_serial2
     0000E686  _MICROFRAME                        convert_serial2
     0000E687  _FNADDR                            convert_serial2
     0000E68A  _EP0BCH                            convert_serial2
     0000E68B  _EP0BCL                            convert_serial2
     0000E68D  _EP1OUTBC                          convert_serial2
     0000E68F  _EP1INBC                           convert_serial2
     0000E690  _EP2BCH                            convert_serial2
     0000E691  _EP2BCL                            convert_serial2
     0000E694  _EP4BCH                            convert_serial2
     0000E695  _EP4BCL                            convert_serial2
     0000E698  _EP6BCH                            convert_serial2
     0000E699  _EP6BCL                            convert_serial2
     0000E69C  _EP8BCH                            convert_serial2
     0000E69D  _EP8BCL                            convert_serial2
     0000E6A0  _EP0CS                             convert_serial2
     0000E6A1  _EP1OUTCS                          convert_serial2
     0000E6A2  _EP1INCS                           convert_serial2
     0000E6A3  _EP2CS                             convert_serial2
     0000E6A4  _EP4CS                             convert_serial2
     0000E6A5  _EP6CS                             convert_serial2
     0000E6A6  _EP8CS                             convert_serial2
     0000E6A7  _EP2FIFOFLGS                       convert_serial2
     0000E6A8  _EP4FIFOFLGS                       convert_serial2
     0000E6A9  _EP6FIFOFLGS                       convert_serial2
     0000E6AA  _EP8FIFOFLGS                       convert_serial2
     0000E6AB  _EP2FIFOBCH                        convert_serial2
     0000E6AC  _EP2FIFOBCL                        convert_serial2
     0000E6AD  _EP4FIFOBCH                        convert_serial2
     0000E6AE  _EP4FIFOBCL                        convert_serial2
     0000E6AF  _EP6FIFOBCH                        convert_serial2
     0000E6B0  _EP6FIFOBCL                        convert_serial2
     0000E6B1  _EP8FIFOBCH                        convert_serial2
     0000E6B2  _EP8FIFOBCL                        convert_serial2
     0000E6B3  _SUDPTRH                           convert_serial2
     0000E6B4  _SUDPTRL                           convert_serial2
     0000E6B5  _SUDPTRCTL                         convert_serial2
     0000E6B8  _SETUPDAT                          convert_serial2
     0000E6C0  _GPIFWFSELECT                      convert_serial2
     0000E6C1  _GPIFIDLECS                        convert_serial2
     0000E6C2  _GPIFIDLECTL                       convert_serial2
     0000E6C3  _GPIFCTLCFG                        convert_serial2
     0000E6C4  _GPIFADRH                          convert_serial2
     0000E6C5  _GPIFADRL                          convert_serial2
     0000E6C6  _FLOWSTATE                         convert_serial2
     0000E6C7  _FLOWLOGIC                         convert_serial2
     0000E6C8  _FLOWEQ0CTL                        convert_serial2
     0000E6C9  _FLOWEQ1CTL                        convert_serial2
     0000E6CA  _FLOWHOLDOFF                       convert_serial2
ASxxxx Linker V03.00 + NoICE + sdld,  page 13.
Hexadecimal  [32-Bits]

Area                                    Addr        Size        Decimal Bytes (Attributes)
--------------------------------        ----        ----        ------- ----- ------------
.  .ABS.                            00000000    00000000 =           0. bytes (ABS,CON)

      Value  Global                              Global Defined In Module
      -----  --------------------------------   ------------------------
     0000E6CB  _FLOWSTB                           convert_serial2
     0000E6CC  _FLOWSTBEDGE                       convert_serial2
     0000E6CD  _FLOWSTBHPERIOD                    convert_serial2
     0000E6CE  _GPIFTCB3                          convert_serial2
     0000E6CF  _GPIFTCB2                          convert_serial2
     0000E6D0  _GPIFTCB1                          convert_serial2
     0000E6D1  _GPIFTCB0                          convert_serial2
     0000E6D2  _EP2GPIFFLGSEL                     convert_serial2
     0000E6D3  _EP2GPIFPFSTOP                     convert_serial2
     0000E6D4  _EP2GPIFTRIG                       convert_serial2
     0000E6DA  _EP4GPIFFLGSEL                     convert_serial2
     0000E6DB  _EP4GPIFPFSTOP                     convert_serial2
     0000E6DC  _EP4GPIFTRIG                       convert_serial2
     0000E6E2  _EP6GPIFFLGSEL                     convert_serial2
     0000E6E3  _EP6GPIFPFSTOP                     convert_serial2
     0000E6E4  _EP6GPIFTRIG                       convert_serial2
     0000E6EA  _EP8GPIFFLGSEL                     convert_serial2
     0000E6EB  _EP8GPIFPFSTOP                     convert_serial2
     0000E6EC  _EP8GPIFTRIG                       convert_serial2
     0000E6F0  _XGPIFSGLDATH                      convert_serial2
     0000E6F1  _XGPIFSGLDATLX                     convert_serial2
     0000E6F2  _XGPIFSGLDATLNOX                   convert_serial2
     0000E6F3  _GPIFREADYCFG                      convert_serial2
     0000E6F4  _GPIFREADYSTAT                     convert_serial2
     0000E6F5  _GPIFABORT                         convert_serial2
     0000E6F8  _DBUG                              convert_serial2
     0000E6F9  _TESTCFG                           convert_serial2
     0000E6FA  _USBTEST                           convert_serial2
     0000E6FB  _CT1                               convert_serial2
     0000E6FC  _CT2                               convert_serial2
     0000E6FD  _CT3                               convert_serial2
     0000E6FE  _CT4                               convert_serial2
     0000E740  _EP0BUF                            convert_serial2
     0000E780  _EP1OUTBUF                         convert_serial2
     0000E7C0  _EP1INBUF                          convert_serial2
     0000F000  _EP2FIFOBUF                        convert_serial2
     0000F400  _EP4FIFOBUF                        convert_serial2
     0000F800  _EP6FIFOBUF                        convert_serial2
     0000FC00  _EP8FIFOBUF                        convert_serial2

ASxxxx Linker V03.00 + NoICE + sdld,  page 14.
Hexadecimal  [32-Bits]

Area                                    Addr        Size        Decimal Bytes (Attributes)
--------------------------------        ----        ----        ------- ----- ------------
BSEG_BYTES                          00000020    00000001 =           1. bytes (REL,CON)

      Value  Global                              Global Defined In Module
      -----  --------------------------------   ------------------------
ASxxxx Linker V03.00 + NoICE + sdld,  page 15.
Hexadecimal  [32-Bits]

Area                                    Addr        Size        Decimal Bytes (Attributes)
--------------------------------        ----        ----        ------- ----- ------------
REG_BANK_0                          00000000    00000008 =           8. bytes (REL,OVR)

      Value  Global                              Global Defined In Module
      -----  --------------------------------   ------------------------
ASxxxx Linker V03.00 + NoICE + sdld,  page 16.
Hexadecimal  [32-Bits]

Area                                    Addr        Size        Decimal Bytes (Attributes)
--------------------------------        ----        ----        ------- ----- ------------
BIT_BANK                            00000021    00000001 =           1. bytes (REL,OVR)

      Value  Global                              Global Defined In Module
      -----  --------------------------------   ------------------------
ASxxxx Linker V03.00 + NoICE + sdld,  page 17.
Hexadecimal  [32-Bits]

Area                                    Addr        Size        Decimal Bytes (Attributes)
--------------------------------        ----        ----        ------- ----- ------------
DSEG                                00000000    00000079 =         121. bytes (REL,CON)

      Value  Global                              Global Defined In Module
      -----  --------------------------------   ------------------------
     00000008  _Configuration                     convert_serial2
     00000009  _InterfaceSetting                  convert_serial2
     0000000A  _USB_strings                       convert_serial2
     00000015  _bytes_waiting_for_xmit            convert_serial2
     00000017  _latency_us                        convert_serial2

ASxxxx Linker V03.00 + NoICE + sdld,  page 18.
Hexadecimal  [32-Bits]

Area                                    Addr        Size        Decimal Bytes (Attributes)
--------------------------------        ----        ----        ------- ----- ------------
SSEG                                00000022    000000DE =         222. bytes (REL,OVR)

      Value  Global                              Global Defined In Module
      -----  --------------------------------   ------------------------
     00000022  __start__stack                     convert_serial2

ASxxxx Linker V03.00 + NoICE + sdld,  page 19.
Hexadecimal  [32-Bits]

Area                                    Addr        Size        Decimal Bytes (Attributes)
--------------------------------        ----        ----        ------- ----- ------------
HOME                                00000000    00000079 =         121. bytes (REL,CON,CODE)

      Value  Global                              Global Defined In Module
      -----  --------------------------------   ------------------------
C:   00000046  __sdcc_program_startup             convert_serial2
C:   0000004B  ___gptr_cmp                        

ASxxxx Linker V03.00 + NoICE + sdld,  page 20.
Hexadecimal  [32-Bits]

Area                                    Addr        Size        Decimal Bytes (Attributes)
--------------------------------        ----        ----        ------- ----- ------------
GSINIT0                             00000079    00000003 =           3. bytes (REL,CON,CODE)

      Value  Global                              Global Defined In Module
      -----  --------------------------------   ------------------------
C:   00000079  __sdcc_gsinit_startup              

ASxxxx Linker V03.00 + NoICE + sdld,  page 21.
Hexadecimal  [32-Bits]

Area                                    Addr        Size        Decimal Bytes (Attributes)
--------------------------------        ----        ----        ------- ----- ------------
GSINIT2                             0000007C    0000000A =          10. bytes (REL,CON,CODE)

      Value  Global                              Global Defined In Module
      -----  --------------------------------   ------------------------
ASxxxx Linker V03.00 + NoICE + sdld,  page 22.
Hexadecimal  [32-Bits]

Area                                    Addr        Size        Decimal Bytes (Attributes)
--------------------------------        ----        ----        ------- ----- ------------
GSINIT3                             00000086    00000022 =          34. bytes (REL,CON,CODE)

      Value  Global                              Global Defined In Module
      -----  --------------------------------   ------------------------
C:   00000086  __mcs51_genXINIT                   

ASxxxx Linker V03.00 + NoICE + sdld,  page 23.
Hexadecimal  [32-Bits]

Area                                    Addr        Size        Decimal Bytes (Attributes)
--------------------------------        ----        ----        ------- ----- ------------
GSINIT4                             000000A8    0000002A =          42. bytes (REL,CON,CODE)

      Value  Global                              Global Defined In Module
      -----  --------------------------------   ------------------------
C:   000000A8  __mcs51_genRAMCLEAR                
C:   000000AE  __mcs51_genXRAMCLEAR               

ASxxxx Linker V03.00 + NoICE + sdld,  page 24.
Hexadecimal  [32-Bits]

Area                                    Addr        Size        Decimal Bytes (Attributes)
--------------------------------        ----        ----        ------- ----- ------------
GSINIT                              000000D2    00000164 =         356. bytes (REL,CON,CODE)

      Value  Global                              Global Defined In Module
      -----  --------------------------------   ------------------------
ASxxxx Linker V03.00 + NoICE + sdld,  page 25.
Hexadecimal  [32-Bits]

Area                                    Addr        Size        Decimal Bytes (Attributes)
--------------------------------        ----        ----        ------- ----- ------------
GSFINAL                             00000236    00000003 =           3. bytes (REL,CON,CODE)

      Value  Global                              Global Defined In Module
      -----  --------------------------------   ------------------------
ASxxxx Linker V03.00 + NoICE + sdld,  page 26.
Hexadecimal  [32-Bits]

Area                                    Addr        Size        Decimal Bytes (Attributes)
--------------------------------        ----        ----        ------- ----- ------------
CSEG                                00000239    00000727 =        1831. bytes (REL,CON,CODE)

      Value  Global                              Global Defined In Module
      -----  --------------------------------   ------------------------
C:   00000905  _main                              convert_serial2
C:   00000940  __gptrget                          _gptrget
C:   0000095C  __sdcc_external_startup            _startup
ASxxxx Linker V03.00 + NoICE + sdld,  page 27.
Hexadecimal  [32-Bits]

Area                                    Addr        Size        Decimal Bytes (Attributes)
--------------------------------        ----        ----        ------- ----- ------------
CONST                               00000960    0000003A =          58. bytes (REL,CON,CODE)

      Value  Global                              Global Defined In Module
      -----  --------------------------------   ------------------------
C:   00000960  _EPCS_Offset_Lookup_Table          convert_serial2

ASxxxx Linker V03.00 + NoICE + sdld,  page 28.

Files Linked                              [ module(s) ]

convert_serial2.rel                       [  ]


Libraries Linked                          [ object file ]

C:\Program Files (x86)\SDCC\bin\..\lib\small/mcs51.lib
                                          [ crtclear.rel ]
C:\Program Files (x86)\SDCC\bin\..\lib\small/mcs51.lib
                                          [ crtxinit.rel ]
C:\Program Files (x86)\SDCC\bin\..\lib\small/mcs51.lib
                                          [ crtxclear.rel ]
C:\Program Files (x86)\SDCC\bin\..\lib\small/mcs51.lib
                                          [ crtpagesfr.rel ]
C:\Program Files (x86)\SDCC\bin\..\lib\small/mcs51.lib
                                          [ gptr_cmp.rel ]
C:\Program Files (x86)\SDCC\bin\..\lib\small/mcs51.lib
                                          [ crtstart.rel ]
C:\Program Files (x86)\SDCC\bin\..\lib\small/libsdcc.lib
                                          [ _gptrget.rel ]
C:\Program Files (x86)\SDCC\bin\..\lib\small/libsdcc.lib
                                          [ _startup.rel ]

ASxxxx Linker V03.00 + NoICE + sdld,  page 29.

User Base Address Definitions

HOME = 0x0000
ISEG = 0x0000
BSEG = 0x0000

