ASxxxx Linker V02.00 + NoICE + sdld,  page 1.
Hexadecimal  [32-Bits]

Area                                    Addr        Size        Decimal Bytes (Attributes)
--------------------------------        ----        ----        ------- ----- ------------
CABS                                00000000    00000000 =           0. bytes (ABS,CON,CODE)

      Value  Global                              Global Defined In Module
      -----  --------------------------------   ------------------------
     0C:   FFFFFF00  s_BSEG                          
     0C:   00000000  l_BIT_BANK                      
     0C:   00000000  l_BSEG                          
     0C:   00000000  l_BSEG_BYTES                    
     0C:   00000000  l_CABS                          
     0C:   00000000  l_GSINIT1                       
     0C:   00000000  l_GSINIT5                       
     0C:   00000000  l_IABS                          
     0C:   00000000  l_ISEG                          
     0C:   00000000  l_PSEG                          
     0C:   00000000  l_REG_BANK_1                    
     0C:   00000000  l_REG_BANK_2                    
     0C:   00000000  l_REG_BANK_3                    
     0C:   00000000  l_RSEG                          
     0C:   00000000  l_RSEG0                         
     0C:   00000000  l_RSEG1                         
     0C:   00000000  l_XABS                          
     0C:   00000000  l_XINIT                         
     0C:   00000000  l_XISEG                         
     0C:   00000000  l_XSEG                          
     0C:   00000000  l__CODE                         
     0C:   00000000  s_BSEG_BYTES                    
     0C:   00000000  s_CABS                          
     0C:   00000000  s_DSEG                          
     0C:   00000000  s_HOME                          
     0C:   00000000  s_IABS                          
     0C:   00000000  s_ISEG                          
     0C:   00000000  s_PSEG                          
     0C:   00000000  s_REG_BANK_0                    
     0C:   00000000  s_RSEG                          
     0C:   00000000  s_RSEG0                         
     0C:   00000000  s_RSEG1                         
     0C:   00000000  s_XABS                          
     0C:   00000000  s_XISEG                         
     0C:   00000000  s_XSEG                          
     0C:   00000002  l_OSEG                          
     0C:   00000003  l_GSFINAL                       
     0C:   00000003  l_GSINIT                        
     0C:   00000003  l_GSINIT0                       
     0C:   00000008  l_HOME                          
     0C:   00000008  l_REG_BANK_0                    
     0C:   00000008  s_GSINIT0                       
     0C:   00000008  s_REG_BANK_1                    
     0C:   00000009  s_OSEG                          
     0C:   0000000A  l_GSINIT2                       
     0C:   0000000B  s_GSINIT1                       
     0C:   0000000B  s_GSINIT2                       
     0C:   0000000B  s_SSEG                          
     0C:   00000010  s_REG_BANK_2                    
     0C:   00000015  s_GSINIT3                       
ASxxxx Linker V02.00 + NoICE + sdld,  page 2.
Hexadecimal  [32-Bits]

Area                                    Addr        Size        Decimal Bytes (Attributes)
--------------------------------        ----        ----        ------- ----- ------------
CABS                                00000000    00000000 =           0. bytes (ABS,CON,CODE)

      Value  Global                              Global Defined In Module
      -----  --------------------------------   ------------------------
     0C:   00000018  s_BIT_BANK                      
     0C:   00000018  s_REG_BANK_3                    
     0C:   00000020  s__CODE                         
     0C:   00000022  l_GSINIT3                       
     0C:   0000002A  l_GSINIT4                       
     0C:   00000037  s_GSINIT4                       
     0C:   0000003B  l_CONST                         
     0C:   00000061  s_GSINIT                        
     0C:   00000061  s_GSINIT5                       
     0C:   00000064  s_GSFINAL                       
     0C:   00000067  s_CSEG                          
     0C:   00000080  l_DSEG                          
     0C:   000000F5  l_SSEG                          
     0C:   00000100  l_IRAM                          
     0C:   00000136  l_CSEG                          
     0C:   0000019D  s_CONST                         
     0C:   000001D8  s_XINIT                         

ASxxxx Linker V02.00 + NoICE + sdld,  page 3.
Hexadecimal  [32-Bits]

Area                                    Addr        Size        Decimal Bytes (Attributes)
--------------------------------        ----        ----        ------- ----- ------------
.	.ABS.                             00000000    00000000 =           0. bytes (ABS,CON)

      Value  Global                              Global Defined In Module
      -----  --------------------------------   ------------------------
           00000000  .__.ABS.                           _startup
           00000080  _IOA                               hello
           00000081  _SP                                hello
           00000082  _DPL                               hello
           00000083  _DPH                               hello
           00000084  _DPL1                              hello
           00000085  _DPH1                              hello
           00000086  _DPS                               hello
           00000087  _PCON                              hello
           00000088  _TCON                              hello
           00000089  _TMOD                              hello
           0000008A  _TL0                               hello
           0000008B  _TL1                               hello
           0000008C  _TH0                               hello
           0000008D  _TH1                               hello
           0000008E  _CKCO                              hello
           0000008F  _SPC_                              hello
           00000090  _IOB                               hello
           00000091  _EXIF                              hello
           00000092  _MPA                               hello
           00000098  _SCO                               hello
           00000099  _SBU                               hello
           0000009A  _APTR1H                            hello
           0000009B  _APTR1L                            hello
           0000009C  _AUTODAT1                          hello
           0000009D  _AUTOPTRH2                         hello
           0000009E  _AUTOPTRL2                         hello
           0000009F  _AUTODAT2                          hello
           000000A0  _IOC                               hello
           000000A0  __XPAGE                            
           000000A1  _INT2CLR                           hello
           000000A2  _INT4CLR                           hello
           000000A8  _IE                                hello
           000000AA  _EP2468STAT                        hello
           000000AB  _EP24FIFOFLGS                      hello
           000000AC  _EP68FIFOFLGS                      hello
           000000AF  _AUTOPTRSETUP                      hello
           000000B0  _IOD                               hello
           000000B1  _IOE                               hello
           000000B2  _OEA                               hello
           000000B3  _OEB                               hello
           000000B4  _OEC                               hello
           000000B5  _OED                               hello
           000000B6  _OEE                               hello
           000000B8  _IP                                hello
           000000BA  _EP01STAT                          hello
           000000BB  _GPIFTRIG                          hello
           000000BD  _GPIFSGLDATH                       hello
           000000BE  _GPIFSGLDATLX                      hello
           000000BF  _GPIFSGLDATLNOX                    hello
ASxxxx Linker V02.00 + NoICE + sdld,  page 4.
Hexadecimal  [32-Bits]

Area                                    Addr        Size        Decimal Bytes (Attributes)
--------------------------------        ----        ----        ------- ----- ------------
.	.ABS.                             00000000    00000000 =           0. bytes (ABS,CON)

      Value  Global                              Global Defined In Module
      -----  --------------------------------   ------------------------
           000000C0  _SCON1                             hello
           000000C1  _SBUF1                             hello
           000000C8  _T2CON                             hello
           000000CA  _RCAP2L                            hello
           000000CB  _RCAP2H                            hello
           000000CC  _TL2                               hello
           000000CD  _TH2                               hello
           000000D0  _PSW                               hello
           000000D8  _EICON                             hello
           000000E0  _ACC                               hello
           000000E8  _EIE                               hello
           000000F0  _B                                 hello
           000000F5  _B_5                               _gptrget
           000000F6  _B_6                               _gptrget
           000000F7  _B_7                               _gptrget
           000000F8  _EIP                               hello
           0000E400  _GPIF_WAVE_DATA                    hello
           0000E480  _RES_WAVEDATA_END                  hello
           0000E600  _CPUCS                             hello
           0000E601  _IFCONFIG                          hello
           0000E602  _PINFLAGSAB                        hello
           0000E603  _PINFLAGSCD                        hello
           0000E604  _FIFORESET                         hello
           0000E605  _BREAKPT                           hello
           0000E606  _BPADDRH                           hello
           0000E607  _BPADDRL                           hello
           0000E608  _UART230                           hello
           0000E609  _FIFOPINPOLAR                      hello
           0000E60A  _REVID                             hello
           0000E60B  _REVCTL                            hello
           0000E60C  _GPIFHOLDAMOUNT                    hello
           0000E610  _EP1OUTCFG                         hello
           0000E611  _EP1INCFG                          hello
           0000E612  _EP2CFG                            hello
           0000E613  _EP4CFG                            hello
           0000E614  _EP6CFG                            hello
           0000E615  _EP8CFG                            hello
           0000E618  _EP2FIFOCFG                        hello
           0000E619  _EP4FIFOCFG                        hello
           0000E61A  _EP6FIFOCFG                        hello
           0000E61B  _EP8FIFOCFG                        hello
           0000E620  _EP2AUTOINLENH                     hello
           0000E621  _EP2AUTOINLENL                     hello
           0000E622  _EP4AUTOINLENH                     hello
           0000E623  _EP4AUTOINLENL                     hello
           0000E624  _EP6AUTOINLENH                     hello
           0000E625  _EP6AUTOINLENL                     hello
           0000E626  _EP8AUTOINLENH                     hello
           0000E627  _EP8AUTOINLENL                     hello
           0000E630  _EP2FIFOPFH                        hello
           0000E631  _EP2FIFOPFL                        hello
ASxxxx Linker V02.00 + NoICE + sdld,  page 5.
Hexadecimal  [32-Bits]

Area                                    Addr        Size        Decimal Bytes (Attributes)
--------------------------------        ----        ----        ------- ----- ------------
.	.ABS.                             00000000    00000000 =           0. bytes (ABS,CON)

      Value  Global                              Global Defined In Module
      -----  --------------------------------   ------------------------
           0000E632  _EP4FIFOPFH                        hello
           0000E633  _EP4FIFOPFL                        hello
           0000E634  _EP6FIFOPFH                        hello
           0000E635  _EP6FIFOPFL                        hello
           0000E636  _EP8FIFOPFH                        hello
           0000E637  _EP8FIFOPFL                        hello
           0000E640  _EP2ISOINPKTS                      hello
           0000E641  _EP4ISOINPKTS                      hello
           0000E642  _EP6ISOINPKTS                      hello
           0000E643  _EP8ISOINPKTS                      hello
           0000E648  _INPKTEND                          hello
           0000E649  _OUTPKTEND                         hello
           0000E650  _EP2FIFOIE                         hello
           0000E651  _EP2FIFOIRQ                        hello
           0000E652  _EP4FIFOIE                         hello
           0000E653  _EP4FIFOIRQ                        hello
           0000E654  _EP6FIFOIE                         hello
           0000E655  _EP6FIFOIRQ                        hello
           0000E656  _EP8FIFOIE                         hello
           0000E657  _EP8FIFOIRQ                        hello
           0000E658  _IBNIE                             hello
           0000E659  _IBNIRQ                            hello
           0000E65A  _NAKIE                             hello
           0000E65B  _NAKIRQ                            hello
           0000E65C  _USBIE                             hello
           0000E65D  _USBIRQ                            hello
           0000E65E  _EPIE                              hello
           0000E65F  _EPIRQ                             hello
           0000E660  _GPIFIE                            hello
           0000E661  _GPIFIRQ                           hello
           0000E662  _USBERRIE                          hello
           0000E663  _USBERRIRQ                         hello
           0000E664  _ERRCNTLIM                         hello
           0000E665  _CLRERRCNT                         hello
           0000E666  _INT2IVEC                          hello
           0000E667  _INT4IVEC                          hello
           0000E668  _INTSETUP                          hello
           0000E670  _PORTACFG                          hello
           0000E671  _PORTCCFG                          hello
           0000E672  _PORTECFG                          hello
           0000E678  _I2CS                              hello
           0000E679  _I2DAT                             hello
           0000E67A  _I2CTL                             hello
           0000E67B  _XAUTODAT1                         hello
           0000E67C  _XAUTODAT2                         hello
           0000E67D  _UDMACRCH                          hello
           0000E67E  _UDMACRCL                          hello
           0000E67F  _UDMACRCQUAL                       hello
           0000E680  _USBCS                             hello
           0000E681  _SUSPEND                           hello
           0000E682  _WAKEUPCS                          hello
ASxxxx Linker V02.00 + NoICE + sdld,  page 6.
Hexadecimal  [32-Bits]

Area                                    Addr        Size        Decimal Bytes (Attributes)
--------------------------------        ----        ----        ------- ----- ------------
.	.ABS.                             00000000    00000000 =           0. bytes (ABS,CON)

      Value  Global                              Global Defined In Module
      -----  --------------------------------   ------------------------
           0000E683  _TOGCTL                            hello
           0000E684  _USBFRAMEH                         hello
           0000E685  _USBFRAMEL                         hello
           0000E686  _MICROFRAME                        hello
           0000E687  _FNADDR                            hello
           0000E68A  _EP0BCH                            hello
           0000E68B  _EP0BCL                            hello
           0000E68D  _EP1OUTBC                          hello
           0000E68F  _EP1INBC                           hello
           0000E690  _EP2BCH                            hello
           0000E691  _EP2BCL                            hello
           0000E694  _EP4BCH                            hello
           0000E695  _EP4BCL                            hello
           0000E698  _EP6BCH                            hello
           0000E699  _EP6BCL                            hello
           0000E69C  _EP8BCH                            hello
           0000E69D  _EP8BCL                            hello
           0000E6A0  _EP0CS                             hello
           0000E6A1  _EP1OUTCS                          hello
           0000E6A2  _EP1INCS                           hello
           0000E6A3  _EP2CS                             hello
           0000E6A4  _EP4CS                             hello
           0000E6A5  _EP6CS                             hello
           0000E6A6  _EP8CS                             hello
           0000E6A7  _EP2FIFOFLGS                       hello
           0000E6A8  _EP4FIFOFLGS                       hello
           0000E6A9  _EP6FIFOFLGS                       hello
           0000E6AA  _EP8FIFOFLGS                       hello
           0000E6AB  _EP2FIFOBCH                        hello
           0000E6AC  _EP2FIFOBCL                        hello
           0000E6AD  _EP4FIFOBCH                        hello
           0000E6AE  _EP4FIFOBCL                        hello
           0000E6AF  _EP6FIFOBCH                        hello
           0000E6B0  _EP6FIFOBCL                        hello
           0000E6B1  _EP8FIFOBCH                        hello
           0000E6B2  _EP8FIFOBCL                        hello
           0000E6B3  _SUDPTRH                           hello
           0000E6B4  _SUDPTRL                           hello
           0000E6B5  _SUDPTRCTL                         hello
           0000E6B8  _SETUPDAT                          hello
           0000E6C0  _GPIFWFSELECT                      hello
           0000E6C1  _GPIFIDLECS                        hello
           0000E6C2  _GPIFIDLECTL                       hello
           0000E6C3  _GPIFCTLCFG                        hello
           0000E6C4  _GPIFADRH                          hello
           0000E6C5  _GPIFADRL                          hello
           0000E6C6  _FLOWSTATE                         hello
           0000E6C7  _FLOWLOGIC                         hello
           0000E6C8  _FLOWEQ0CTL                        hello
           0000E6C9  _FLOWEQ1CTL                        hello
           0000E6CA  _FLOWHOLDOFF                       hello
ASxxxx Linker V02.00 + NoICE + sdld,  page 7.
Hexadecimal  [32-Bits]

Area                                    Addr        Size        Decimal Bytes (Attributes)
--------------------------------        ----        ----        ------- ----- ------------
.	.ABS.                             00000000    00000000 =           0. bytes (ABS,CON)

      Value  Global                              Global Defined In Module
      -----  --------------------------------   ------------------------
           0000E6CB  _FLOWSTB                           hello
           0000E6CC  _FLOWSTBEDGE                       hello
           0000E6CD  _FLOWSTBHPERIOD                    hello
           0000E6CE  _GPIFTCB3                          hello
           0000E6CF  _GPIFTCB2                          hello
           0000E6D0  _GPIFTCB1                          hello
           0000E6D1  _GPIFTCB0                          hello
           0000E6D2  _EP2GPIFFLGSEL                     hello
           0000E6D3  _EP2GPIFPFSTOP                     hello
           0000E6D4  _EP2GPIFTRIG                       hello
           0000E6DA  _EP4GPIFFLGSEL                     hello
           0000E6DB  _EP4GPIFPFSTOP                     hello
           0000E6DC  _EP4GPIFTRIG                       hello
           0000E6E2  _EP6GPIFFLGSEL                     hello
           0000E6E3  _EP6GPIFPFSTOP                     hello
           0000E6E4  _EP6GPIFTRIG                       hello
           0000E6EA  _EP8GPIFFLGSEL                     hello
           0000E6EB  _EP8GPIFPFSTOP                     hello
           0000E6EC  _EP8GPIFTRIG                       hello
           0000E6F0  _XGPIFSGLDATH                      hello
           0000E6F1  _XGPIFSGLDATLX                     hello
           0000E6F2  _XGPIFSGLDATLNOX                   hello
           0000E6F3  _GPIFREADYCFG                      hello
           0000E6F4  _GPIFREADYSTAT                     hello
           0000E6F5  _GPIFABORT                         hello
           0000E6F8  _DBUG                              hello
           0000E6F9  _TESTCFG                           hello
           0000E6FA  _USBTEST                           hello
           0000E6FB  _CT1                               hello
           0000E6FC  _CT2                               hello
           0000E6FD  _CT3                               hello
           0000E6FE  _CT4                               hello
           0000E740  _EP0BUF                            hello
           0000E780  _EP1OUTBUF                         hello
           0000E7C0  _EP1INBUF                          hello
           0000F000  _EP2FIFOBUF                        hello
           0000F400  _EP4FIFOBUF                        hello
           0000F800  _EP6FIFOBUF                        hello
           0000FC00  _EP8FIFOBUF                        hello

ASxxxx Linker V02.00 + NoICE + sdld,  page 8.
Hexadecimal  [32-Bits]

Area                                    Addr        Size        Decimal Bytes (Attributes)
--------------------------------        ----        ----        ------- ----- ------------
REG_BANK_0                          00000000    00000008 =           8. bytes (REL,OVR)

      Value  Global                              Global Defined In Module
      -----  --------------------------------   ------------------------
ASxxxx Linker V02.00 + NoICE + sdld,  page 9.
Hexadecimal  [32-Bits]

Area                                    Addr        Size        Decimal Bytes (Attributes)
--------------------------------        ----        ----        ------- ----- ------------
DSEG                                00000000    00000080 =         128. bytes (REL,CON)

      Value  Global                              Global Defined In Module
      -----  --------------------------------   ------------------------
ASxxxx Linker V02.00 + NoICE + sdld,  page 10.
Hexadecimal  [32-Bits]

Area                                    Addr        Size        Decimal Bytes (Attributes)
--------------------------------        ----        ----        ------- ----- ------------
OSEG                                00000009    00000002 =           2. bytes (REL,OVR)

      Value  Global                              Global Defined In Module
      -----  --------------------------------   ------------------------
ASxxxx Linker V02.00 + NoICE + sdld,  page 11.
Hexadecimal  [32-Bits]

Area                                    Addr        Size        Decimal Bytes (Attributes)
--------------------------------        ----        ----        ------- ----- ------------
SSEG                                0000000B    000000F5 =         245. bytes (REL,OVR)

      Value  Global                              Global Defined In Module
      -----  --------------------------------   ------------------------
           0000000B  __start__stack                     hello

ASxxxx Linker V02.00 + NoICE + sdld,  page 12.
Hexadecimal  [32-Bits]

Area                                    Addr        Size        Decimal Bytes (Attributes)
--------------------------------        ----        ----        ------- ----- ------------
HOME                                00000000    00000008 =           8. bytes (REL,CON,CODE)

      Value  Global                              Global Defined In Module
      -----  --------------------------------   ------------------------
     0C:   00000003  __sdcc_program_startup             hello

ASxxxx Linker V02.00 + NoICE + sdld,  page 13.
Hexadecimal  [32-Bits]

Area                                    Addr        Size        Decimal Bytes (Attributes)
--------------------------------        ----        ----        ------- ----- ------------
GSINIT0                             00000008    00000003 =           3. bytes (REL,CON,CODE)

      Value  Global                              Global Defined In Module
      -----  --------------------------------   ------------------------
     0C:   00000008  __sdcc_gsinit_startup              

ASxxxx Linker V02.00 + NoICE + sdld,  page 14.
Hexadecimal  [32-Bits]

Area                                    Addr        Size        Decimal Bytes (Attributes)
--------------------------------        ----        ----        ------- ----- ------------
GSINIT2                             0000000B    0000000A =          10. bytes (REL,CON,CODE)

      Value  Global                              Global Defined In Module
      -----  --------------------------------   ------------------------
ASxxxx Linker V02.00 + NoICE + sdld,  page 15.
Hexadecimal  [32-Bits]

Area                                    Addr        Size        Decimal Bytes (Attributes)
--------------------------------        ----        ----        ------- ----- ------------
GSINIT3                             00000015    00000022 =          34. bytes (REL,CON,CODE)

      Value  Global                              Global Defined In Module
      -----  --------------------------------   ------------------------
     0C:   00000015  __mcs51_genXINIT                   

ASxxxx Linker V02.00 + NoICE + sdld,  page 16.
Hexadecimal  [32-Bits]

Area                                    Addr        Size        Decimal Bytes (Attributes)
--------------------------------        ----        ----        ------- ----- ------------
GSINIT4                             00000037    0000002A =          42. bytes (REL,CON,CODE)

      Value  Global                              Global Defined In Module
      -----  --------------------------------   ------------------------
     0C:   00000037  __mcs51_genRAMCLEAR                
     0C:   0000003D  __mcs51_genXRAMCLEAR               

ASxxxx Linker V02.00 + NoICE + sdld,  page 17.
Hexadecimal  [32-Bits]

Area                                    Addr        Size        Decimal Bytes (Attributes)
--------------------------------        ----        ----        ------- ----- ------------
GSINIT                              00000061    00000003 =           3. bytes (REL,CON,CODE)

      Value  Global                              Global Defined In Module
      -----  --------------------------------   ------------------------
ASxxxx Linker V02.00 + NoICE + sdld,  page 18.
Hexadecimal  [32-Bits]

Area                                    Addr        Size        Decimal Bytes (Attributes)
--------------------------------        ----        ----        ------- ----- ------------
GSFINAL                             00000064    00000003 =           3. bytes (REL,CON,CODE)

      Value  Global                              Global Defined In Module
      -----  --------------------------------   ------------------------
ASxxxx Linker V02.00 + NoICE + sdld,  page 19.
Hexadecimal  [32-Bits]

Area                                    Addr        Size        Decimal Bytes (Attributes)
--------------------------------        ----        ----        ------- ----- ------------
CSEG                                00000067    00000136 =         310. bytes (REL,CON,CODE)

      Value  Global                              Global Defined In Module
      -----  --------------------------------   ------------------------
     0C:   0000016D  _main                              hello
     0C:   0000017D  __gptrget                          _gptrget
     0C:   00000199  __sdcc_external_startup            _startup
ASxxxx Linker V02.00 + NoICE + sdld,  page 20.
Hexadecimal  [32-Bits]

Area                                    Addr        Size        Decimal Bytes (Attributes)
--------------------------------        ----        ----        ------- ----- ------------
CONST                               0000019D    0000003B =          59. bytes (REL,CON,CODE)

      Value  Global                              Global Defined In Module
      -----  --------------------------------   ------------------------
ASxxxx Linker V02.00 + NoICE + sdld,  page 21.

Files Linked                              [ module(s) ]

hello.rel                                 [  ]


Libraries Linked                          [ object file ]

c:\GNURadio\sdcc\bin\..\lib\small/mcs51.lib
                                          [ crtclear.rel ]
c:\GNURadio\sdcc\bin\..\lib\small/mcs51.lib
                                          [ crtxinit.rel ]
c:\GNURadio\sdcc\bin\..\lib\small/mcs51.lib
                                          [ crtxclear.rel ]
c:\GNURadio\sdcc\bin\..\lib\small/mcs51.lib
                                          [ crtpagesfr.rel ]
c:\GNURadio\sdcc\bin\..\lib\small/mcs51.lib
                                          [ crtstart.rel ]
c:\GNURadio\sdcc\bin\..\lib\small/libsdcc.lib
                                          [ _gptrget.rel ]
c:\GNURadio\sdcc\bin\..\lib\small/libsdcc.lib
                                          [ _startup.rel ]

ASxxxx Linker V02.00 + NoICE + sdld,  page 22.

User Base Address Definitions

HOME = 0x0000
ISEG = 0x0000
BSEG = 0x0000

