ASxxxx Linker V03.00 + NoICE + sdld,  page 1.
Hexadecimal  [32-Bits]

Area                                    Addr        Size        Decimal Bytes (Attributes)
--------------------------------        ----        ----        ------- ----- ------------
CABS                                00000000    00000000 =           0. bytes (ABS,CON,CODE)

      Value  Global                              Global Defined In Module
      -----  --------------------------------   ------------------------
C:   FFFFFF00  s_BSEG                          
C:   00000000  l_BIT_BANK                      
C:   00000000  l_BSEG                          
C:   00000000  l_BSEG_BYTES                    
C:   00000000  l_CABS                          
C:   00000000  l_CONST                         
C:   00000000  l_GSINIT                        
C:   00000000  l_GSINIT1                       
C:   00000000  l_GSINIT5                       
C:   00000000  l_IABS                          
C:   00000000  l_ISEG                          
C:   00000000  l_OSEG                          
C:   00000000  l_PSEG                          
C:   00000000  l_REG_BANK_1                    
C:   00000000  l_REG_BANK_2                    
C:   00000000  l_REG_BANK_3                    
C:   00000000  l_RSEG                          
C:   00000000  l_RSEG0                         
C:   00000000  l_RSEG1                         
C:   00000000  l_XABS                          
C:   00000000  l_XINIT                         
C:   00000000  l_XISEG                         
C:   00000000  l_XSEG                          
C:   00000000  l__CODE                         
C:   00000000  s_BSEG_BYTES                    
C:   00000000  s_CABS                          
C:   00000000  s_DSEG                          
C:   00000000  s_HOME                          
C:   00000000  s_IABS                          
C:   00000000  s_ISEG                          
C:   00000000  s_PSEG                          
C:   00000000  s_REG_BANK_0                    
C:   00000000  s_RSEG                          
C:   00000000  s_RSEG0                         
C:   00000000  s_RSEG1                         
C:   00000000  s_XABS                          
C:   00000000  s_XISEG                         
C:   00000000  s_XSEG                          
C:   00000003  l_GSFINAL                       
C:   00000003  l_GSINIT0                       
C:   00000008  l_HOME                          
C:   00000008  l_REG_BANK_0                    
C:   00000008  s_GSINIT0                       
C:   00000008  s_REG_BANK_1                    
C:   00000008  s_SSEG                          
C:   0000000A  l_GSINIT2                       
C:   0000000B  s_GSINIT1                       
C:   0000000B  s_GSINIT2                       
C:   00000010  s_REG_BANK_2                    
C:   00000015  s_GSINIT3                       
ASxxxx Linker V03.00 + NoICE + sdld,  page 2.
Hexadecimal  [32-Bits]

Area                                    Addr        Size        Decimal Bytes (Attributes)
--------------------------------        ----        ----        ------- ----- ------------
CABS                                00000000    00000000 =           0. bytes (ABS,CON,CODE)

      Value  Global                              Global Defined In Module
      -----  --------------------------------   ------------------------
C:   00000018  s_BIT_BANK                      
C:   00000018  s_OSEG                          
C:   00000018  s_REG_BANK_3                    
C:   00000020  s__CODE                         
C:   00000022  l_GSINIT3                       
C:   0000002A  l_GSINIT4                       
C:   00000037  s_GSINIT4                       
C:   00000061  s_GSFINAL                       
C:   00000061  s_GSINIT                        
C:   00000061  s_GSINIT5                       
C:   00000064  s_CSEG                          
C:   00000080  l_DSEG                          
C:   000000A5  l_CSEG                          
C:   000000F8  l_SSEG                          
C:   00000100  l_IRAM                          
C:   00000109  s_CONST                         
C:   00000109  s_XINIT                         

ASxxxx Linker V03.00 + NoICE + sdld,  page 3.
Hexadecimal  [32-Bits]

Area                                    Addr        Size        Decimal Bytes (Attributes)
--------------------------------        ----        ----        ------- ----- ------------
.  .ABS.                            00000000    00000000 =           0. bytes (ABS,CON)

      Value  Global                              Global Defined In Module
      -----  --------------------------------   ------------------------
     00000000  .__.ABS.                           _startup
     00000080  _IOA                               portio
     00000081  _SP                                portio
     00000082  _DPL                               portio
     00000083  _DPH                               portio
     00000084  _DPL1                              portio
     00000085  _DPH1                              portio
     00000086  _DPS                               portio
     00000087  _PCON                              portio
     00000088  _TCON                              portio
     00000089  _TMOD                              portio
     0000008A  _TL0                               portio
     0000008B  _TL1                               portio
     0000008C  _TH0                               portio
     0000008D  _TH1                               portio
     0000008E  _CKCO                              portio
     0000008F  _SPC_                              portio
     00000090  _IOB                               portio
     00000091  _EXIF                              portio
     00000092  _MPA                               portio
     00000098  _SCO                               portio
     00000099  _SBU                               portio
     0000009A  _APTR1H                            portio
     0000009B  _APTR1L                            portio
     0000009C  _AUTODAT1                          portio
     0000009D  _AUTOPTRH2                         portio
     0000009E  _AUTOPTRL2                         portio
     0000009F  _AUTODAT2                          portio
     000000A0  _IOC                               portio
     000000A0  __XPAGE                            
     000000A1  _INT2CLR                           portio
     000000A2  _INT4CLR                           portio
     000000A8  _IE                                portio
     000000AA  _EP2468STAT                        portio
     000000AB  _EP24FIFOFLGS                      portio
     000000AC  _EP68FIFOFLGS                      portio
     000000AF  _AUTOPTRSETUP                      portio
     000000B0  _IOD                               portio
     000000B1  _IOE                               portio
     000000B2  _OEA                               portio
     000000B3  _OEB                               portio
     000000B4  _OEC                               portio
     000000B5  _OED                               portio
     000000B6  _OEE                               portio
     000000B8  _IP                                portio
     000000BA  _EP01STAT                          portio
     000000BB  _GPIFTRIG                          portio
     000000BD  _GPIFSGLDATH                       portio
     000000BE  _GPIFSGLDATLX                      portio
     000000BF  _GPIFSGLDATLNOX                    portio
ASxxxx Linker V03.00 + NoICE + sdld,  page 4.
Hexadecimal  [32-Bits]

Area                                    Addr        Size        Decimal Bytes (Attributes)
--------------------------------        ----        ----        ------- ----- ------------
.  .ABS.                            00000000    00000000 =           0. bytes (ABS,CON)

      Value  Global                              Global Defined In Module
      -----  --------------------------------   ------------------------
     000000C0  _SCON1                             portio
     000000C1  _SBUF1                             portio
     000000C8  _T2CON                             portio
     000000CA  _RCAP2L                            portio
     000000CB  _RCAP2H                            portio
     000000CC  _TL2                               portio
     000000CD  _TH2                               portio
     000000D0  _PSW                               portio
     000000D8  _EICON                             portio
     000000E0  _ACC                               portio
     000000E8  _EIE                               portio
     000000F0  _B                                 portio
     000000F8  _EIP                               portio
     0000E400  _GPIF_WAVE_DATA                    portio
     0000E480  _RES_WAVEDATA_END                  portio
     0000E600  _CPUCS                             portio
     0000E601  _IFCONFIG                          portio
     0000E602  _PINFLAGSAB                        portio
     0000E603  _PINFLAGSCD                        portio
     0000E604  _FIFORESET                         portio
     0000E605  _BREAKPT                           portio
     0000E606  _BPADDRH                           portio
     0000E607  _BPADDRL                           portio
     0000E608  _UART230                           portio
     0000E609  _FIFOPINPOLAR                      portio
     0000E60A  _REVID                             portio
     0000E60B  _REVCTL                            portio
     0000E60C  _GPIFHOLDAMOUNT                    portio
     0000E610  _EP1OUTCFG                         portio
     0000E611  _EP1INCFG                          portio
     0000E612  _EP2CFG                            portio
     0000E613  _EP4CFG                            portio
     0000E614  _EP6CFG                            portio
     0000E615  _EP8CFG                            portio
     0000E618  _EP2FIFOCFG                        portio
     0000E619  _EP4FIFOCFG                        portio
     0000E61A  _EP6FIFOCFG                        portio
     0000E61B  _EP8FIFOCFG                        portio
     0000E620  _EP2AUTOINLENH                     portio
     0000E621  _EP2AUTOINLENL                     portio
     0000E622  _EP4AUTOINLENH                     portio
     0000E623  _EP4AUTOINLENL                     portio
     0000E624  _EP6AUTOINLENH                     portio
     0000E625  _EP6AUTOINLENL                     portio
     0000E626  _EP8AUTOINLENH                     portio
     0000E627  _EP8AUTOINLENL                     portio
     0000E630  _EP2FIFOPFH                        portio
     0000E631  _EP2FIFOPFL                        portio
     0000E632  _EP4FIFOPFH                        portio
     0000E633  _EP4FIFOPFL                        portio
     0000E634  _EP6FIFOPFH                        portio
ASxxxx Linker V03.00 + NoICE + sdld,  page 5.
Hexadecimal  [32-Bits]

Area                                    Addr        Size        Decimal Bytes (Attributes)
--------------------------------        ----        ----        ------- ----- ------------
.  .ABS.                            00000000    00000000 =           0. bytes (ABS,CON)

      Value  Global                              Global Defined In Module
      -----  --------------------------------   ------------------------
     0000E635  _EP6FIFOPFL                        portio
     0000E636  _EP8FIFOPFH                        portio
     0000E637  _EP8FIFOPFL                        portio
     0000E640  _EP2ISOINPKTS                      portio
     0000E641  _EP4ISOINPKTS                      portio
     0000E642  _EP6ISOINPKTS                      portio
     0000E643  _EP8ISOINPKTS                      portio
     0000E648  _INPKTEND                          portio
     0000E649  _OUTPKTEND                         portio
     0000E650  _EP2FIFOIE                         portio
     0000E651  _EP2FIFOIRQ                        portio
     0000E652  _EP4FIFOIE                         portio
     0000E653  _EP4FIFOIRQ                        portio
     0000E654  _EP6FIFOIE                         portio
     0000E655  _EP6FIFOIRQ                        portio
     0000E656  _EP8FIFOIE                         portio
     0000E657  _EP8FIFOIRQ                        portio
     0000E658  _IBNIE                             portio
     0000E659  _IBNIRQ                            portio
     0000E65A  _NAKIE                             portio
     0000E65B  _NAKIRQ                            portio
     0000E65C  _USBIE                             portio
     0000E65D  _USBIRQ                            portio
     0000E65E  _EPIE                              portio
     0000E65F  _EPIRQ                             portio
     0000E660  _GPIFIE                            portio
     0000E661  _GPIFIRQ                           portio
     0000E662  _USBERRIE                          portio
     0000E663  _USBERRIRQ                         portio
     0000E664  _ERRCNTLIM                         portio
     0000E665  _CLRERRCNT                         portio
     0000E666  _INT2IVEC                          portio
     0000E667  _INT4IVEC                          portio
     0000E668  _INTSETUP                          portio
     0000E670  _PORTACFG                          portio
     0000E671  _PORTCCFG                          portio
     0000E672  _PORTECFG                          portio
     0000E678  _I2CS                              portio
     0000E679  _I2DAT                             portio
     0000E67A  _I2CTL                             portio
     0000E67B  _XAUTODAT1                         portio
     0000E67C  _XAUTODAT2                         portio
     0000E67D  _UDMACRCH                          portio
     0000E67E  _UDMACRCL                          portio
     0000E67F  _UDMACRCQUAL                       portio
     0000E680  _USBCS                             portio
     0000E681  _SUSPEND                           portio
     0000E682  _WAKEUPCS                          portio
     0000E683  _TOGCTL                            portio
     0000E684  _USBFRAMEH                         portio
     0000E685  _USBFRAMEL                         portio
ASxxxx Linker V03.00 + NoICE + sdld,  page 6.
Hexadecimal  [32-Bits]

Area                                    Addr        Size        Decimal Bytes (Attributes)
--------------------------------        ----        ----        ------- ----- ------------
.  .ABS.                            00000000    00000000 =           0. bytes (ABS,CON)

      Value  Global                              Global Defined In Module
      -----  --------------------------------   ------------------------
     0000E686  _MICROFRAME                        portio
     0000E687  _FNADDR                            portio
     0000E68A  _EP0BCH                            portio
     0000E68B  _EP0BCL                            portio
     0000E68D  _EP1OUTBC                          portio
     0000E68F  _EP1INBC                           portio
     0000E690  _EP2BCH                            portio
     0000E691  _EP2BCL                            portio
     0000E694  _EP4BCH                            portio
     0000E695  _EP4BCL                            portio
     0000E698  _EP6BCH                            portio
     0000E699  _EP6BCL                            portio
     0000E69C  _EP8BCH                            portio
     0000E69D  _EP8BCL                            portio
     0000E6A0  _EP0CS                             portio
     0000E6A1  _EP1OUTCS                          portio
     0000E6A2  _EP1INCS                           portio
     0000E6A3  _EP2CS                             portio
     0000E6A4  _EP4CS                             portio
     0000E6A5  _EP6CS                             portio
     0000E6A6  _EP8CS                             portio
     0000E6A7  _EP2FIFOFLGS                       portio
     0000E6A8  _EP4FIFOFLGS                       portio
     0000E6A9  _EP6FIFOFLGS                       portio
     0000E6AA  _EP8FIFOFLGS                       portio
     0000E6AB  _EP2FIFOBCH                        portio
     0000E6AC  _EP2FIFOBCL                        portio
     0000E6AD  _EP4FIFOBCH                        portio
     0000E6AE  _EP4FIFOBCL                        portio
     0000E6AF  _EP6FIFOBCH                        portio
     0000E6B0  _EP6FIFOBCL                        portio
     0000E6B1  _EP8FIFOBCH                        portio
     0000E6B2  _EP8FIFOBCL                        portio
     0000E6B3  _SUDPTRH                           portio
     0000E6B4  _SUDPTRL                           portio
     0000E6B5  _SUDPTRCTL                         portio
     0000E6B8  _SETUPDAT                          portio
     0000E6C0  _GPIFWFSELECT                      portio
     0000E6C1  _GPIFIDLECS                        portio
     0000E6C2  _GPIFIDLECTL                       portio
     0000E6C3  _GPIFCTLCFG                        portio
     0000E6C4  _GPIFADRH                          portio
     0000E6C5  _GPIFADRL                          portio
     0000E6C6  _FLOWSTATE                         portio
     0000E6C7  _FLOWLOGIC                         portio
     0000E6C8  _FLOWEQ0CTL                        portio
     0000E6C9  _FLOWEQ1CTL                        portio
     0000E6CA  _FLOWHOLDOFF                       portio
     0000E6CB  _FLOWSTB                           portio
     0000E6CC  _FLOWSTBEDGE                       portio
     0000E6CD  _FLOWSTBHPERIOD                    portio
ASxxxx Linker V03.00 + NoICE + sdld,  page 7.
Hexadecimal  [32-Bits]

Area                                    Addr        Size        Decimal Bytes (Attributes)
--------------------------------        ----        ----        ------- ----- ------------
.  .ABS.                            00000000    00000000 =           0. bytes (ABS,CON)

      Value  Global                              Global Defined In Module
      -----  --------------------------------   ------------------------
     0000E6CE  _GPIFTCB3                          portio
     0000E6CF  _GPIFTCB2                          portio
     0000E6D0  _GPIFTCB1                          portio
     0000E6D1  _GPIFTCB0                          portio
     0000E6D2  _EP2GPIFFLGSEL                     portio
     0000E6D3  _EP2GPIFPFSTOP                     portio
     0000E6D4  _EP2GPIFTRIG                       portio
     0000E6DA  _EP4GPIFFLGSEL                     portio
     0000E6DB  _EP4GPIFPFSTOP                     portio
     0000E6DC  _EP4GPIFTRIG                       portio
     0000E6E2  _EP6GPIFFLGSEL                     portio
     0000E6E3  _EP6GPIFPFSTOP                     portio
     0000E6E4  _EP6GPIFTRIG                       portio
     0000E6EA  _EP8GPIFFLGSEL                     portio
     0000E6EB  _EP8GPIFPFSTOP                     portio
     0000E6EC  _EP8GPIFTRIG                       portio
     0000E6F0  _XGPIFSGLDATH                      portio
     0000E6F1  _XGPIFSGLDATLX                     portio
     0000E6F2  _XGPIFSGLDATLNOX                   portio
     0000E6F3  _GPIFREADYCFG                      portio
     0000E6F4  _GPIFREADYSTAT                     portio
     0000E6F5  _GPIFABORT                         portio
     0000E6F8  _DBUG                              portio
     0000E6F9  _TESTCFG                           portio
     0000E6FA  _USBTEST                           portio
     0000E6FB  _CT1                               portio
     0000E6FC  _CT2                               portio
     0000E6FD  _CT3                               portio
     0000E6FE  _CT4                               portio
     0000E740  _EP0BUF                            portio
     0000E780  _EP1OUTBUF                         portio
     0000E7C0  _EP1INBUF                          portio
     0000F000  _EP2FIFOBUF                        portio
     0000F400  _EP4FIFOBUF                        portio
     0000F800  _EP6FIFOBUF                        portio
     0000FC00  _EP8FIFOBUF                        portio

ASxxxx Linker V03.00 + NoICE + sdld,  page 8.
Hexadecimal  [32-Bits]

Area                                    Addr        Size        Decimal Bytes (Attributes)
--------------------------------        ----        ----        ------- ----- ------------
REG_BANK_0                          00000000    00000008 =           8. bytes (REL,OVR)

      Value  Global                              Global Defined In Module
      -----  --------------------------------   ------------------------
ASxxxx Linker V03.00 + NoICE + sdld,  page 9.
Hexadecimal  [32-Bits]

Area                                    Addr        Size        Decimal Bytes (Attributes)
--------------------------------        ----        ----        ------- ----- ------------
DSEG                                00000000    00000080 =         128. bytes (REL,CON)

      Value  Global                              Global Defined In Module
      -----  --------------------------------   ------------------------
ASxxxx Linker V03.00 + NoICE + sdld,  page 10.
Hexadecimal  [32-Bits]

Area                                    Addr        Size        Decimal Bytes (Attributes)
--------------------------------        ----        ----        ------- ----- ------------
SSEG                                00000008    000000F8 =         248. bytes (REL,OVR)

      Value  Global                              Global Defined In Module
      -----  --------------------------------   ------------------------
     00000008  __start__stack                     portio

ASxxxx Linker V03.00 + NoICE + sdld,  page 11.
Hexadecimal  [32-Bits]

Area                                    Addr        Size        Decimal Bytes (Attributes)
--------------------------------        ----        ----        ------- ----- ------------
HOME                                00000000    00000008 =           8. bytes (REL,CON,CODE)

      Value  Global                              Global Defined In Module
      -----  --------------------------------   ------------------------
C:   00000003  __sdcc_program_startup             portio

ASxxxx Linker V03.00 + NoICE + sdld,  page 12.
Hexadecimal  [32-Bits]

Area                                    Addr        Size        Decimal Bytes (Attributes)
--------------------------------        ----        ----        ------- ----- ------------
GSINIT0                             00000008    00000003 =           3. bytes (REL,CON,CODE)

      Value  Global                              Global Defined In Module
      -----  --------------------------------   ------------------------
C:   00000008  __sdcc_gsinit_startup              

ASxxxx Linker V03.00 + NoICE + sdld,  page 13.
Hexadecimal  [32-Bits]

Area                                    Addr        Size        Decimal Bytes (Attributes)
--------------------------------        ----        ----        ------- ----- ------------
GSINIT2                             0000000B    0000000A =          10. bytes (REL,CON,CODE)

      Value  Global                              Global Defined In Module
      -----  --------------------------------   ------------------------
ASxxxx Linker V03.00 + NoICE + sdld,  page 14.
Hexadecimal  [32-Bits]

Area                                    Addr        Size        Decimal Bytes (Attributes)
--------------------------------        ----        ----        ------- ----- ------------
GSINIT3                             00000015    00000022 =          34. bytes (REL,CON,CODE)

      Value  Global                              Global Defined In Module
      -----  --------------------------------   ------------------------
C:   00000015  __mcs51_genXINIT                   

ASxxxx Linker V03.00 + NoICE + sdld,  page 15.
Hexadecimal  [32-Bits]

Area                                    Addr        Size        Decimal Bytes (Attributes)
--------------------------------        ----        ----        ------- ----- ------------
GSINIT4                             00000037    0000002A =          42. bytes (REL,CON,CODE)

      Value  Global                              Global Defined In Module
      -----  --------------------------------   ------------------------
C:   00000037  __mcs51_genRAMCLEAR                
C:   0000003D  __mcs51_genXRAMCLEAR               

ASxxxx Linker V03.00 + NoICE + sdld,  page 16.
Hexadecimal  [32-Bits]

Area                                    Addr        Size        Decimal Bytes (Attributes)
--------------------------------        ----        ----        ------- ----- ------------
GSFINAL                             00000061    00000003 =           3. bytes (REL,CON,CODE)

      Value  Global                              Global Defined In Module
      -----  --------------------------------   ------------------------
ASxxxx Linker V03.00 + NoICE + sdld,  page 17.
Hexadecimal  [32-Bits]

Area                                    Addr        Size        Decimal Bytes (Attributes)
--------------------------------        ----        ----        ------- ----- ------------
CSEG                                00000064    000000A5 =         165. bytes (REL,CON,CODE)

      Value  Global                              Global Defined In Module
      -----  --------------------------------   ------------------------
C:   000000A6  _main                              portio
C:   00000105  __sdcc_external_startup            _startup

ASxxxx Linker V03.00 + NoICE + sdld,  page 18.

Files Linked                              [ module(s) ]

portio.rel                                [  ]


Libraries Linked                          [ object file ]

C:\Program Files (x86)\SDCC\bin\..\lib\small/mcs51.lib
                                          [ crtclear.rel ]
C:\Program Files (x86)\SDCC\bin\..\lib\small/mcs51.lib
                                          [ crtxinit.rel ]
C:\Program Files (x86)\SDCC\bin\..\lib\small/mcs51.lib
                                          [ crtxclear.rel ]
C:\Program Files (x86)\SDCC\bin\..\lib\small/mcs51.lib
                                          [ crtpagesfr.rel ]
C:\Program Files (x86)\SDCC\bin\..\lib\small/mcs51.lib
                                          [ crtstart.rel ]
C:\Program Files (x86)\SDCC\bin\..\lib\small/libsdcc.lib
                                          [ _startup.rel ]

ASxxxx Linker V03.00 + NoICE + sdld,  page 19.

User Base Address Definitions

HOME = 0x0000
ISEG = 0x0000
BSEG = 0x0000

