ASxxxx Linker V02.00 + NoICE + sdld,  page 1.
Hexadecimal  [32-Bits]

Area                                    Addr        Size        Decimal Bytes (Attributes)
--------------------------------        ----        ----        ------- ----- ------------
CABS                                00000000    00000000 =           0. bytes (ABS,CON,CODE)

      Value  Global                              Global Defined In Module
      -----  --------------------------------   ------------------------
     0C:   FFFFFF00  s_BSEG                          
     0C:   00000000  l_BIT_BANK                      
     0C:   00000000  l_BSEG                          
     0C:   00000000  l_BSEG_BYTES                    
     0C:   00000000  l_CABS                          
     0C:   00000000  l_CONST                         
     0C:   00000000  l_GSINIT                        
     0C:   00000000  l_GSINIT1                       
     0C:   00000000  l_GSINIT5                       
     0C:   00000000  l_IABS                          
     0C:   00000000  l_ISEG                          
     0C:   00000000  l_OSEG                          
     0C:   00000000  l_PSEG                          
     0C:   00000000  l_REG_BANK_1                    
     0C:   00000000  l_REG_BANK_2                    
     0C:   00000000  l_REG_BANK_3                    
     0C:   00000000  l_RSEG                          
     0C:   00000000  l_RSEG0                         
     0C:   00000000  l_RSEG1                         
     0C:   00000000  l_XABS                          
     0C:   00000000  l_XINIT                         
     0C:   00000000  l_XISEG                         
     0C:   00000000  l_XSEG                          
     0C:   00000000  l__CODE                         
     0C:   00000000  s_BSEG_BYTES                    
     0C:   00000000  s_CABS                          
     0C:   00000000  s_DSEG                          
     0C:   00000000  s_HOME                          
     0C:   00000000  s_IABS                          
     0C:   00000000  s_ISEG                          
     0C:   00000000  s_PSEG                          
     0C:   00000000  s_REG_BANK_0                    
     0C:   00000000  s_RSEG                          
     0C:   00000000  s_RSEG0                         
     0C:   00000000  s_RSEG1                         
     0C:   00000000  s_XABS                          
     0C:   00000000  s_XISEG                         
     0C:   00000000  s_XSEG                          
     0C:   00000003  l_GSFINAL                       
     0C:   00000003  l_GSINIT0                       
     0C:   00000008  l_HOME                          
     0C:   00000008  l_REG_BANK_0                    
     0C:   00000008  s_GSINIT0                       
     0C:   00000008  s_REG_BANK_1                    
     0C:   00000008  s_SSEG                          
     0C:   0000000A  l_GSINIT2                       
     0C:   0000000B  s_GSINIT1                       
     0C:   0000000B  s_GSINIT2                       
     0C:   00000010  s_REG_BANK_2                    
     0C:   00000015  s_GSINIT3                       
ASxxxx Linker V02.00 + NoICE + sdld,  page 2.
Hexadecimal  [32-Bits]

Area                                    Addr        Size        Decimal Bytes (Attributes)
--------------------------------        ----        ----        ------- ----- ------------
CABS                                00000000    00000000 =           0. bytes (ABS,CON,CODE)

      Value  Global                              Global Defined In Module
      -----  --------------------------------   ------------------------
     0C:   00000018  s_BIT_BANK                      
     0C:   00000018  s_OSEG                          
     0C:   00000018  s_REG_BANK_3                    
     0C:   00000020  s__CODE                         
     0C:   00000022  l_GSINIT3                       
     0C:   0000002A  l_GSINIT4                       
     0C:   00000037  s_GSINIT4                       
     0C:   00000061  s_GSFINAL                       
     0C:   00000061  s_GSINIT                        
     0C:   00000061  s_GSINIT5                       
     0C:   00000064  s_CSEG                          
     0C:   00000080  l_DSEG                          
     0C:   000000F8  l_SSEG                          
     0C:   00000100  l_IRAM                          
     0C:   0000011E  l_CSEG                          
     0C:   00000182  s_CONST                         
     0C:   00000182  s_XINIT                         

ASxxxx Linker V02.00 + NoICE + sdld,  page 3.
Hexadecimal  [32-Bits]

Area                                    Addr        Size        Decimal Bytes (Attributes)
--------------------------------        ----        ----        ------- ----- ------------
.	.ABS.                             00000000    00000000 =           0. bytes (ABS,CON)

      Value  Global                              Global Defined In Module
      -----  --------------------------------   ------------------------
           00000000  .__.ABS.                           _startup
           00000080  _IOA                               fifo_clear
           00000081  _SP                                fifo_clear
           00000082  _DPL                               fifo_clear
           00000083  _DPH                               fifo_clear
           00000084  _DPL1                              fifo_clear
           00000085  _DPH1                              fifo_clear
           00000086  _DPS                               fifo_clear
           00000087  _PCON                              fifo_clear
           00000088  _TCON                              fifo_clear
           00000089  _TMOD                              fifo_clear
           0000008A  _TL0                               fifo_clear
           0000008B  _TL1                               fifo_clear
           0000008C  _TH0                               fifo_clear
           0000008D  _TH1                               fifo_clear
           0000008E  _CKCO                              fifo_clear
           0000008F  _SPC_                              fifo_clear
           00000090  _IOB                               fifo_clear
           00000091  _EXIF                              fifo_clear
           00000092  _MPA                               fifo_clear
           00000098  _SCO                               fifo_clear
           00000099  _SBU                               fifo_clear
           0000009A  _APTR1H                            fifo_clear
           0000009B  _APTR1L                            fifo_clear
           0000009C  _AUTODAT1                          fifo_clear
           0000009D  _AUTOPTRH2                         fifo_clear
           0000009E  _AUTOPTRL2                         fifo_clear
           0000009F  _AUTODAT2                          fifo_clear
           000000A0  _IOC                               fifo_clear
           000000A0  __XPAGE                            
           000000A1  _INT2CLR                           fifo_clear
           000000A2  _INT4CLR                           fifo_clear
           000000A8  _IE                                fifo_clear
           000000AA  _EP2468STAT                        fifo_clear
           000000AB  _EP24FIFOFLGS                      fifo_clear
           000000AC  _EP68FIFOFLGS                      fifo_clear
           000000AF  _AUTOPTRSETUP                      fifo_clear
           000000B0  _IOD                               fifo_clear
           000000B1  _IOE                               fifo_clear
           000000B2  _OEA                               fifo_clear
           000000B3  _OEB                               fifo_clear
           000000B4  _OEC                               fifo_clear
           000000B5  _OED                               fifo_clear
           000000B6  _OEE                               fifo_clear
           000000B8  _IP                                fifo_clear
           000000BA  _EP01STAT                          fifo_clear
           000000BB  _GPIFTRIG                          fifo_clear
           000000BD  _GPIFSGLDATH                       fifo_clear
           000000BE  _GPIFSGLDATLX                      fifo_clear
           000000BF  _GPIFSGLDATLNOX                    fifo_clear
ASxxxx Linker V02.00 + NoICE + sdld,  page 4.
Hexadecimal  [32-Bits]

Area                                    Addr        Size        Decimal Bytes (Attributes)
--------------------------------        ----        ----        ------- ----- ------------
.	.ABS.                             00000000    00000000 =           0. bytes (ABS,CON)

      Value  Global                              Global Defined In Module
      -----  --------------------------------   ------------------------
           000000C0  _SCON1                             fifo_clear
           000000C1  _SBUF1                             fifo_clear
           000000C8  _T2CON                             fifo_clear
           000000CA  _RCAP2L                            fifo_clear
           000000CB  _RCAP2H                            fifo_clear
           000000CC  _TL2                               fifo_clear
           000000CD  _TH2                               fifo_clear
           000000D0  _PSW                               fifo_clear
           000000D8  _EICON                             fifo_clear
           000000E0  _ACC                               fifo_clear
           000000E8  _EIE                               fifo_clear
           000000F0  _B                                 fifo_clear
           000000F8  _EIP                               fifo_clear
           0000E400  _GPIF_WAVE_DATA                    fifo_clear
           0000E480  _RES_WAVEDATA_END                  fifo_clear
           0000E600  _CPUCS                             fifo_clear
           0000E601  _IFCONFIG                          fifo_clear
           0000E602  _PINFLAGSAB                        fifo_clear
           0000E603  _PINFLAGSCD                        fifo_clear
           0000E604  _FIFORESET                         fifo_clear
           0000E605  _BREAKPT                           fifo_clear
           0000E606  _BPADDRH                           fifo_clear
           0000E607  _BPADDRL                           fifo_clear
           0000E608  _UART230                           fifo_clear
           0000E609  _FIFOPINPOLAR                      fifo_clear
           0000E60A  _REVID                             fifo_clear
           0000E60B  _REVCTL                            fifo_clear
           0000E60C  _GPIFHOLDAMOUNT                    fifo_clear
           0000E610  _EP1OUTCFG                         fifo_clear
           0000E611  _EP1INCFG                          fifo_clear
           0000E612  _EP2CFG                            fifo_clear
           0000E613  _EP4CFG                            fifo_clear
           0000E614  _EP6CFG                            fifo_clear
           0000E615  _EP8CFG                            fifo_clear
           0000E618  _EP2FIFOCFG                        fifo_clear
           0000E619  _EP4FIFOCFG                        fifo_clear
           0000E61A  _EP6FIFOCFG                        fifo_clear
           0000E61B  _EP8FIFOCFG                        fifo_clear
           0000E620  _EP2AUTOINLENH                     fifo_clear
           0000E621  _EP2AUTOINLENL                     fifo_clear
           0000E622  _EP4AUTOINLENH                     fifo_clear
           0000E623  _EP4AUTOINLENL                     fifo_clear
           0000E624  _EP6AUTOINLENH                     fifo_clear
           0000E625  _EP6AUTOINLENL                     fifo_clear
           0000E626  _EP8AUTOINLENH                     fifo_clear
           0000E627  _EP8AUTOINLENL                     fifo_clear
           0000E630  _EP2FIFOPFH                        fifo_clear
           0000E631  _EP2FIFOPFL                        fifo_clear
           0000E632  _EP4FIFOPFH                        fifo_clear
           0000E633  _EP4FIFOPFL                        fifo_clear
           0000E634  _EP6FIFOPFH                        fifo_clear
ASxxxx Linker V02.00 + NoICE + sdld,  page 5.
Hexadecimal  [32-Bits]

Area                                    Addr        Size        Decimal Bytes (Attributes)
--------------------------------        ----        ----        ------- ----- ------------
.	.ABS.                             00000000    00000000 =           0. bytes (ABS,CON)

      Value  Global                              Global Defined In Module
      -----  --------------------------------   ------------------------
           0000E635  _EP6FIFOPFL                        fifo_clear
           0000E636  _EP8FIFOPFH                        fifo_clear
           0000E637  _EP8FIFOPFL                        fifo_clear
           0000E640  _EP2ISOINPKTS                      fifo_clear
           0000E641  _EP4ISOINPKTS                      fifo_clear
           0000E642  _EP6ISOINPKTS                      fifo_clear
           0000E643  _EP8ISOINPKTS                      fifo_clear
           0000E648  _INPKTEND                          fifo_clear
           0000E649  _OUTPKTEND                         fifo_clear
           0000E650  _EP2FIFOIE                         fifo_clear
           0000E651  _EP2FIFOIRQ                        fifo_clear
           0000E652  _EP4FIFOIE                         fifo_clear
           0000E653  _EP4FIFOIRQ                        fifo_clear
           0000E654  _EP6FIFOIE                         fifo_clear
           0000E655  _EP6FIFOIRQ                        fifo_clear
           0000E656  _EP8FIFOIE                         fifo_clear
           0000E657  _EP8FIFOIRQ                        fifo_clear
           0000E658  _IBNIE                             fifo_clear
           0000E659  _IBNIRQ                            fifo_clear
           0000E65A  _NAKIE                             fifo_clear
           0000E65B  _NAKIRQ                            fifo_clear
           0000E65C  _USBIE                             fifo_clear
           0000E65D  _USBIRQ                            fifo_clear
           0000E65E  _EPIE                              fifo_clear
           0000E65F  _EPIRQ                             fifo_clear
           0000E660  _GPIFIE                            fifo_clear
           0000E661  _GPIFIRQ                           fifo_clear
           0000E662  _USBERRIE                          fifo_clear
           0000E663  _USBERRIRQ                         fifo_clear
           0000E664  _ERRCNTLIM                         fifo_clear
           0000E665  _CLRERRCNT                         fifo_clear
           0000E666  _INT2IVEC                          fifo_clear
           0000E667  _INT4IVEC                          fifo_clear
           0000E668  _INTSETUP                          fifo_clear
           0000E670  _PORTACFG                          fifo_clear
           0000E671  _PORTCCFG                          fifo_clear
           0000E672  _PORTECFG                          fifo_clear
           0000E678  _I2CS                              fifo_clear
           0000E679  _I2DAT                             fifo_clear
           0000E67A  _I2CTL                             fifo_clear
           0000E67B  _XAUTODAT1                         fifo_clear
           0000E67C  _XAUTODAT2                         fifo_clear
           0000E67D  _UDMACRCH                          fifo_clear
           0000E67E  _UDMACRCL                          fifo_clear
           0000E67F  _UDMACRCQUAL                       fifo_clear
           0000E680  _USBCS                             fifo_clear
           0000E681  _SUSPEND                           fifo_clear
           0000E682  _WAKEUPCS                          fifo_clear
           0000E683  _TOGCTL                            fifo_clear
           0000E684  _USBFRAMEH                         fifo_clear
           0000E685  _USBFRAMEL                         fifo_clear
ASxxxx Linker V02.00 + NoICE + sdld,  page 6.
Hexadecimal  [32-Bits]

Area                                    Addr        Size        Decimal Bytes (Attributes)
--------------------------------        ----        ----        ------- ----- ------------
.	.ABS.                             00000000    00000000 =           0. bytes (ABS,CON)

      Value  Global                              Global Defined In Module
      -----  --------------------------------   ------------------------
           0000E686  _MICROFRAME                        fifo_clear
           0000E687  _FNADDR                            fifo_clear
           0000E68A  _EP0BCH                            fifo_clear
           0000E68B  _EP0BCL                            fifo_clear
           0000E68D  _EP1OUTBC                          fifo_clear
           0000E68F  _EP1INBC                           fifo_clear
           0000E690  _EP2BCH                            fifo_clear
           0000E691  _EP2BCL                            fifo_clear
           0000E694  _EP4BCH                            fifo_clear
           0000E695  _EP4BCL                            fifo_clear
           0000E698  _EP6BCH                            fifo_clear
           0000E699  _EP6BCL                            fifo_clear
           0000E69C  _EP8BCH                            fifo_clear
           0000E69D  _EP8BCL                            fifo_clear
           0000E6A0  _EP0CS                             fifo_clear
           0000E6A1  _EP1OUTCS                          fifo_clear
           0000E6A2  _EP1INCS                           fifo_clear
           0000E6A3  _EP2CS                             fifo_clear
           0000E6A4  _EP4CS                             fifo_clear
           0000E6A5  _EP6CS                             fifo_clear
           0000E6A6  _EP8CS                             fifo_clear
           0000E6A7  _EP2FIFOFLGS                       fifo_clear
           0000E6A8  _EP4FIFOFLGS                       fifo_clear
           0000E6A9  _EP6FIFOFLGS                       fifo_clear
           0000E6AA  _EP8FIFOFLGS                       fifo_clear
           0000E6AB  _EP2FIFOBCH                        fifo_clear
           0000E6AC  _EP2FIFOBCL                        fifo_clear
           0000E6AD  _EP4FIFOBCH                        fifo_clear
           0000E6AE  _EP4FIFOBCL                        fifo_clear
           0000E6AF  _EP6FIFOBCH                        fifo_clear
           0000E6B0  _EP6FIFOBCL                        fifo_clear
           0000E6B1  _EP8FIFOBCH                        fifo_clear
           0000E6B2  _EP8FIFOBCL                        fifo_clear
           0000E6B3  _SUDPTRH                           fifo_clear
           0000E6B4  _SUDPTRL                           fifo_clear
           0000E6B5  _SUDPTRCTL                         fifo_clear
           0000E6B8  _SETUPDAT                          fifo_clear
           0000E6C0  _GPIFWFSELECT                      fifo_clear
           0000E6C1  _GPIFIDLECS                        fifo_clear
           0000E6C2  _GPIFIDLECTL                       fifo_clear
           0000E6C3  _GPIFCTLCFG                        fifo_clear
           0000E6C4  _GPIFADRH                          fifo_clear
           0000E6C5  _GPIFADRL                          fifo_clear
           0000E6C6  _FLOWSTATE                         fifo_clear
           0000E6C7  _FLOWLOGIC                         fifo_clear
           0000E6C8  _FLOWEQ0CTL                        fifo_clear
           0000E6C9  _FLOWEQ1CTL                        fifo_clear
           0000E6CA  _FLOWHOLDOFF                       fifo_clear
           0000E6CB  _FLOWSTB                           fifo_clear
           0000E6CC  _FLOWSTBEDGE                       fifo_clear
           0000E6CD  _FLOWSTBHPERIOD                    fifo_clear
ASxxxx Linker V02.00 + NoICE + sdld,  page 7.
Hexadecimal  [32-Bits]

Area                                    Addr        Size        Decimal Bytes (Attributes)
--------------------------------        ----        ----        ------- ----- ------------
.	.ABS.                             00000000    00000000 =           0. bytes (ABS,CON)

      Value  Global                              Global Defined In Module
      -----  --------------------------------   ------------------------
           0000E6CE  _GPIFTCB3                          fifo_clear
           0000E6CF  _GPIFTCB2                          fifo_clear
           0000E6D0  _GPIFTCB1                          fifo_clear
           0000E6D1  _GPIFTCB0                          fifo_clear
           0000E6D2  _EP2GPIFFLGSEL                     fifo_clear
           0000E6D3  _EP2GPIFPFSTOP                     fifo_clear
           0000E6D4  _EP2GPIFTRIG                       fifo_clear
           0000E6DA  _EP4GPIFFLGSEL                     fifo_clear
           0000E6DB  _EP4GPIFPFSTOP                     fifo_clear
           0000E6DC  _EP4GPIFTRIG                       fifo_clear
           0000E6E2  _EP6GPIFFLGSEL                     fifo_clear
           0000E6E3  _EP6GPIFPFSTOP                     fifo_clear
           0000E6E4  _EP6GPIFTRIG                       fifo_clear
           0000E6EA  _EP8GPIFFLGSEL                     fifo_clear
           0000E6EB  _EP8GPIFPFSTOP                     fifo_clear
           0000E6EC  _EP8GPIFTRIG                       fifo_clear
           0000E6F0  _XGPIFSGLDATH                      fifo_clear
           0000E6F1  _XGPIFSGLDATLX                     fifo_clear
           0000E6F2  _XGPIFSGLDATLNOX                   fifo_clear
           0000E6F3  _GPIFREADYCFG                      fifo_clear
           0000E6F4  _GPIFREADYSTAT                     fifo_clear
           0000E6F5  _GPIFABORT                         fifo_clear
           0000E6F8  _DBUG                              fifo_clear
           0000E6F9  _TESTCFG                           fifo_clear
           0000E6FA  _USBTEST                           fifo_clear
           0000E6FB  _CT1                               fifo_clear
           0000E6FC  _CT2                               fifo_clear
           0000E6FD  _CT3                               fifo_clear
           0000E6FE  _CT4                               fifo_clear
           0000E740  _EP0BUF                            fifo_clear
           0000E780  _EP1OUTBUF                         fifo_clear
           0000E7C0  _EP1INBUF                          fifo_clear
           0000F000  _EP2FIFOBUF                        fifo_clear
           0000F400  _EP4FIFOBUF                        fifo_clear
           0000F800  _EP6FIFOBUF                        fifo_clear
           0000FC00  _EP8FIFOBUF                        fifo_clear

ASxxxx Linker V02.00 + NoICE + sdld,  page 8.
Hexadecimal  [32-Bits]

Area                                    Addr        Size        Decimal Bytes (Attributes)
--------------------------------        ----        ----        ------- ----- ------------
REG_BANK_0                          00000000    00000008 =           8. bytes (REL,OVR)

      Value  Global                              Global Defined In Module
      -----  --------------------------------   ------------------------
ASxxxx Linker V02.00 + NoICE + sdld,  page 9.
Hexadecimal  [32-Bits]

Area                                    Addr        Size        Decimal Bytes (Attributes)
--------------------------------        ----        ----        ------- ----- ------------
DSEG                                00000000    00000080 =         128. bytes (REL,CON)

      Value  Global                              Global Defined In Module
      -----  --------------------------------   ------------------------
ASxxxx Linker V02.00 + NoICE + sdld,  page 10.
Hexadecimal  [32-Bits]

Area                                    Addr        Size        Decimal Bytes (Attributes)
--------------------------------        ----        ----        ------- ----- ------------
SSEG                                00000008    000000F8 =         248. bytes (REL,OVR)

      Value  Global                              Global Defined In Module
      -----  --------------------------------   ------------------------
           00000008  __start__stack                     fifo_clear

ASxxxx Linker V02.00 + NoICE + sdld,  page 11.
Hexadecimal  [32-Bits]

Area                                    Addr        Size        Decimal Bytes (Attributes)
--------------------------------        ----        ----        ------- ----- ------------
HOME                                00000000    00000008 =           8. bytes (REL,CON,CODE)

      Value  Global                              Global Defined In Module
      -----  --------------------------------   ------------------------
     0C:   00000003  __sdcc_program_startup             fifo_clear

ASxxxx Linker V02.00 + NoICE + sdld,  page 12.
Hexadecimal  [32-Bits]

Area                                    Addr        Size        Decimal Bytes (Attributes)
--------------------------------        ----        ----        ------- ----- ------------
GSINIT0                             00000008    00000003 =           3. bytes (REL,CON,CODE)

      Value  Global                              Global Defined In Module
      -----  --------------------------------   ------------------------
     0C:   00000008  __sdcc_gsinit_startup              

ASxxxx Linker V02.00 + NoICE + sdld,  page 13.
Hexadecimal  [32-Bits]

Area                                    Addr        Size        Decimal Bytes (Attributes)
--------------------------------        ----        ----        ------- ----- ------------
GSINIT2                             0000000B    0000000A =          10. bytes (REL,CON,CODE)

      Value  Global                              Global Defined In Module
      -----  --------------------------------   ------------------------
ASxxxx Linker V02.00 + NoICE + sdld,  page 14.
Hexadecimal  [32-Bits]

Area                                    Addr        Size        Decimal Bytes (Attributes)
--------------------------------        ----        ----        ------- ----- ------------
GSINIT3                             00000015    00000022 =          34. bytes (REL,CON,CODE)

      Value  Global                              Global Defined In Module
      -----  --------------------------------   ------------------------
     0C:   00000015  __mcs51_genXINIT                   

ASxxxx Linker V02.00 + NoICE + sdld,  page 15.
Hexadecimal  [32-Bits]

Area                                    Addr        Size        Decimal Bytes (Attributes)
--------------------------------        ----        ----        ------- ----- ------------
GSINIT4                             00000037    0000002A =          42. bytes (REL,CON,CODE)

      Value  Global                              Global Defined In Module
      -----  --------------------------------   ------------------------
     0C:   00000037  __mcs51_genRAMCLEAR                
     0C:   0000003D  __mcs51_genXRAMCLEAR               

ASxxxx Linker V02.00 + NoICE + sdld,  page 16.
Hexadecimal  [32-Bits]

Area                                    Addr        Size        Decimal Bytes (Attributes)
--------------------------------        ----        ----        ------- ----- ------------
GSFINAL                             00000061    00000003 =           3. bytes (REL,CON,CODE)

      Value  Global                              Global Defined In Module
      -----  --------------------------------   ------------------------
ASxxxx Linker V02.00 + NoICE + sdld,  page 17.
Hexadecimal  [32-Bits]

Area                                    Addr        Size        Decimal Bytes (Attributes)
--------------------------------        ----        ----        ------- ----- ------------
CSEG                                00000064    0000011E =         286. bytes (REL,CON,CODE)

      Value  Global                              Global Defined In Module
      -----  --------------------------------   ------------------------
     0C:   000000CE  _main                              fifo_clear
     0C:   0000017E  __sdcc_external_startup            _startup

ASxxxx Linker V02.00 + NoICE + sdld,  page 18.

Files Linked                              [ module(s) ]

fifo_clear.rel                            [  ]


Libraries Linked                          [ object file ]

c:\GNURadio\sdcc\bin\..\lib\small/mcs51.lib
                                          [ crtclear.rel ]
c:\GNURadio\sdcc\bin\..\lib\small/mcs51.lib
                                          [ crtxinit.rel ]
c:\GNURadio\sdcc\bin\..\lib\small/mcs51.lib
                                          [ crtxclear.rel ]
c:\GNURadio\sdcc\bin\..\lib\small/mcs51.lib
                                          [ crtpagesfr.rel ]
c:\GNURadio\sdcc\bin\..\lib\small/mcs51.lib
                                          [ crtstart.rel ]
c:\GNURadio\sdcc\bin\..\lib\small/libsdcc.lib
                                          [ _startup.rel ]

ASxxxx Linker V02.00 + NoICE + sdld,  page 19.

User Base Address Definitions

HOME = 0x0000
ISEG = 0x0000
BSEG = 0x0000

