ASxxxx Linker V02.00 + NoICE + sdld,  page 1.
Hexadecimal  [32-Bits]

Area                                    Addr        Size        Decimal Bytes (Attributes)
--------------------------------        ----        ----        ------- ----- ------------
CABS                                00000000    00000000 =           0. bytes (ABS,CON,CODE)

      Value  Global                              Global Defined In Module
      -----  --------------------------------   ------------------------
     0C:   FFFFFF00  s_BSEG                          
     0C:   00000000  l_BIT_BANK                      
     0C:   00000000  l_BSEG                          
     0C:   00000000  l_BSEG_BYTES                    
     0C:   00000000  l_CABS                          
     0C:   00000000  l_CONST                         
     0C:   00000000  l_GSINIT1                       
     0C:   00000000  l_GSINIT5                       
     0C:   00000000  l_IABS                          
     0C:   00000000  l_ISEG                          
     0C:   00000000  l_PSEG                          
     0C:   00000000  l_REG_BANK_1                    
     0C:   00000000  l_REG_BANK_2                    
     0C:   00000000  l_REG_BANK_3                    
     0C:   00000000  l_RSEG                          
     0C:   00000000  l_RSEG0                         
     0C:   00000000  l_RSEG1                         
     0C:   00000000  l_XABS                          
     0C:   00000000  l_XINIT                         
     0C:   00000000  l_XISEG                         
     0C:   00000000  l_XSEG                          
     0C:   00000000  l__CODE                         
     0C:   00000000  s_BSEG_BYTES                    
     0C:   00000000  s_CABS                          
     0C:   00000000  s_DSEG                          
     0C:   00000000  s_HOME                          
     0C:   00000000  s_IABS                          
     0C:   00000000  s_ISEG                          
     0C:   00000000  s_PSEG                          
     0C:   00000000  s_REG_BANK_0                    
     0C:   00000000  s_RSEG                          
     0C:   00000000  s_RSEG0                         
     0C:   00000000  s_RSEG1                         
     0C:   00000000  s_XABS                          
     0C:   00000000  s_XISEG                         
     0C:   00000000  s_XSEG                          
     0C:   00000003  l_GSFINAL                       
     0C:   00000003  l_GSINIT0                       
     0C:   00000004  l_OSEG                          
     0C:   00000005  l_GSINIT                        
     0C:   00000008  l_HOME                          
     0C:   00000008  l_REG_BANK_0                    
     0C:   00000008  s_GSINIT0                       
     0C:   00000008  s_REG_BANK_1                    
     0C:   0000000A  l_GSINIT2                       
     0C:   0000000A  s_OSEG                          
     0C:   0000000B  s_GSINIT1                       
     0C:   0000000B  s_GSINIT2                       
     0C:   0000000E  s_SSEG                          
     0C:   00000010  s_REG_BANK_2                    
ASxxxx Linker V02.00 + NoICE + sdld,  page 2.
Hexadecimal  [32-Bits]

Area                                    Addr        Size        Decimal Bytes (Attributes)
--------------------------------        ----        ----        ------- ----- ------------
CABS                                00000000    00000000 =           0. bytes (ABS,CON,CODE)

      Value  Global                              Global Defined In Module
      -----  --------------------------------   ------------------------
     0C:   00000015  s_GSINIT3                       
     0C:   00000018  s_BIT_BANK                      
     0C:   00000018  s_REG_BANK_3                    
     0C:   00000020  s__CODE                         
     0C:   00000022  l_GSINIT3                       
     0C:   0000002A  l_GSINIT4                       
     0C:   00000037  s_GSINIT4                       
     0C:   00000061  s_GSINIT                        
     0C:   00000061  s_GSINIT5                       
     0C:   00000066  s_GSFINAL                       
     0C:   00000069  s_CSEG                          
     0C:   00000080  l_DSEG                          
     0C:   000000F2  l_SSEG                          
     0C:   00000100  l_IRAM                          
     0C:   00000246  l_CSEG                          
     0C:   000002AF  s_CONST                         
     0C:   000002AF  s_XINIT                         

ASxxxx Linker V02.00 + NoICE + sdld,  page 3.
Hexadecimal  [32-Bits]

Area                                    Addr        Size        Decimal Bytes (Attributes)
--------------------------------        ----        ----        ------- ----- ------------
.	.ABS.                             00000000    00000000 =           0. bytes (ABS,CON)

      Value  Global                              Global Defined In Module
      -----  --------------------------------   ------------------------
           00000000  .__.ABS.                           _startup
           00000080  _IOA                               dds
           00000081  _SP                                dds
           00000082  _DPL                               dds
           00000083  _DPH                               dds
           00000084  _DPL1                              dds
           00000085  _DPH1                              dds
           00000086  _DPS                               dds
           00000087  _PCON                              dds
           00000088  _TCON                              dds
           00000089  _TMOD                              dds
           0000008A  _TL0                               dds
           0000008B  _TL1                               dds
           0000008C  _TH0                               dds
           0000008D  _TH1                               dds
           0000008E  _CKCO                              dds
           0000008F  _SPC_                              dds
           00000090  _IOB                               dds
           00000091  _EXIF                              dds
           00000092  _MPA                               dds
           00000098  _SCO                               dds
           00000099  _SBU                               dds
           0000009A  _APTR1H                            dds
           0000009B  _APTR1L                            dds
           0000009C  _AUTODAT1                          dds
           0000009D  _AUTOPTRH2                         dds
           0000009E  _AUTOPTRL2                         dds
           0000009F  _AUTODAT2                          dds
           000000A0  _IOC                               dds
           000000A0  __XPAGE                            
           000000A1  _INT2CLR                           dds
           000000A2  _INT4CLR                           dds
           000000A8  _IE                                dds
           000000AA  _EP2468STAT                        dds
           000000AB  _EP24FIFOFLGS                      dds
           000000AC  _EP68FIFOFLGS                      dds
           000000AF  _AUTOPTRSETUP                      dds
           000000B0  _IOD                               dds
           000000B1  _IOE                               dds
           000000B2  _OEA                               dds
           000000B3  _OEB                               dds
           000000B4  _OEC                               dds
           000000B5  _OED                               dds
           000000B6  _OEE                               dds
           000000B8  _IP                                dds
           000000BA  _EP01STAT                          dds
           000000BB  _GPIFTRIG                          dds
           000000BD  _GPIFSGLDATH                       dds
           000000BE  _GPIFSGLDATLX                      dds
           000000BF  _GPIFSGLDATLNOX                    dds
ASxxxx Linker V02.00 + NoICE + sdld,  page 4.
Hexadecimal  [32-Bits]

Area                                    Addr        Size        Decimal Bytes (Attributes)
--------------------------------        ----        ----        ------- ----- ------------
.	.ABS.                             00000000    00000000 =           0. bytes (ABS,CON)

      Value  Global                              Global Defined In Module
      -----  --------------------------------   ------------------------
           000000C0  _SCON1                             dds
           000000C1  _SBUF1                             dds
           000000C8  _T2CON                             dds
           000000CA  _RCAP2L                            dds
           000000CB  _RCAP2H                            dds
           000000CC  _TL2                               dds
           000000CD  _TH2                               dds
           000000D0  _PSW                               dds
           000000D8  _EICON                             dds
           000000E0  _ACC                               dds
           000000E8  _EIE                               dds
           000000F0  _B                                 dds
           000000F8  _EIP                               dds
           0000E400  _GPIF_WAVE_DATA                    dds
           0000E480  _RES_WAVEDATA_END                  dds
           0000E600  _CPUCS                             dds
           0000E601  _IFCONFIG                          dds
           0000E602  _PINFLAGSAB                        dds
           0000E603  _PINFLAGSCD                        dds
           0000E604  _FIFORESET                         dds
           0000E605  _BREAKPT                           dds
           0000E606  _BPADDRH                           dds
           0000E607  _BPADDRL                           dds
           0000E608  _UART230                           dds
           0000E609  _FIFOPINPOLAR                      dds
           0000E60A  _REVID                             dds
           0000E60B  _REVCTL                            dds
           0000E60C  _GPIFHOLDAMOUNT                    dds
           0000E610  _EP1OUTCFG                         dds
           0000E611  _EP1INCFG                          dds
           0000E612  _EP2CFG                            dds
           0000E613  _EP4CFG                            dds
           0000E614  _EP6CFG                            dds
           0000E615  _EP8CFG                            dds
           0000E618  _EP2FIFOCFG                        dds
           0000E619  _EP4FIFOCFG                        dds
           0000E61A  _EP6FIFOCFG                        dds
           0000E61B  _EP8FIFOCFG                        dds
           0000E620  _EP2AUTOINLENH                     dds
           0000E621  _EP2AUTOINLENL                     dds
           0000E622  _EP4AUTOINLENH                     dds
           0000E623  _EP4AUTOINLENL                     dds
           0000E624  _EP6AUTOINLENH                     dds
           0000E625  _EP6AUTOINLENL                     dds
           0000E626  _EP8AUTOINLENH                     dds
           0000E627  _EP8AUTOINLENL                     dds
           0000E630  _EP2FIFOPFH                        dds
           0000E631  _EP2FIFOPFL                        dds
           0000E632  _EP4FIFOPFH                        dds
           0000E633  _EP4FIFOPFL                        dds
           0000E634  _EP6FIFOPFH                        dds
ASxxxx Linker V02.00 + NoICE + sdld,  page 5.
Hexadecimal  [32-Bits]

Area                                    Addr        Size        Decimal Bytes (Attributes)
--------------------------------        ----        ----        ------- ----- ------------
.	.ABS.                             00000000    00000000 =           0. bytes (ABS,CON)

      Value  Global                              Global Defined In Module
      -----  --------------------------------   ------------------------
           0000E635  _EP6FIFOPFL                        dds
           0000E636  _EP8FIFOPFH                        dds
           0000E637  _EP8FIFOPFL                        dds
           0000E640  _EP2ISOINPKTS                      dds
           0000E641  _EP4ISOINPKTS                      dds
           0000E642  _EP6ISOINPKTS                      dds
           0000E643  _EP8ISOINPKTS                      dds
           0000E648  _INPKTEND                          dds
           0000E649  _OUTPKTEND                         dds
           0000E650  _EP2FIFOIE                         dds
           0000E651  _EP2FIFOIRQ                        dds
           0000E652  _EP4FIFOIE                         dds
           0000E653  _EP4FIFOIRQ                        dds
           0000E654  _EP6FIFOIE                         dds
           0000E655  _EP6FIFOIRQ                        dds
           0000E656  _EP8FIFOIE                         dds
           0000E657  _EP8FIFOIRQ                        dds
           0000E658  _IBNIE                             dds
           0000E659  _IBNIRQ                            dds
           0000E65A  _NAKIE                             dds
           0000E65B  _NAKIRQ                            dds
           0000E65C  _USBIE                             dds
           0000E65D  _USBIRQ                            dds
           0000E65E  _EPIE                              dds
           0000E65F  _EPIRQ                             dds
           0000E660  _GPIFIE                            dds
           0000E661  _GPIFIRQ                           dds
           0000E662  _USBERRIE                          dds
           0000E663  _USBERRIRQ                         dds
           0000E664  _ERRCNTLIM                         dds
           0000E665  _CLRERRCNT                         dds
           0000E666  _INT2IVEC                          dds
           0000E667  _INT4IVEC                          dds
           0000E668  _INTSETUP                          dds
           0000E670  _PORTACFG                          dds
           0000E671  _PORTCCFG                          dds
           0000E672  _PORTECFG                          dds
           0000E678  _I2CS                              dds
           0000E679  _I2DAT                             dds
           0000E67A  _I2CTL                             dds
           0000E67B  _XAUTODAT1                         dds
           0000E67C  _XAUTODAT2                         dds
           0000E67D  _UDMACRCH                          dds
           0000E67E  _UDMACRCL                          dds
           0000E67F  _UDMACRCQUAL                       dds
           0000E680  _USBCS                             dds
           0000E681  _SUSPEND                           dds
           0000E682  _WAKEUPCS                          dds
           0000E683  _TOGCTL                            dds
           0000E684  _USBFRAMEH                         dds
           0000E685  _USBFRAMEL                         dds
ASxxxx Linker V02.00 + NoICE + sdld,  page 6.
Hexadecimal  [32-Bits]

Area                                    Addr        Size        Decimal Bytes (Attributes)
--------------------------------        ----        ----        ------- ----- ------------
.	.ABS.                             00000000    00000000 =           0. bytes (ABS,CON)

      Value  Global                              Global Defined In Module
      -----  --------------------------------   ------------------------
           0000E686  _MICROFRAME                        dds
           0000E687  _FNADDR                            dds
           0000E68A  _EP0BCH                            dds
           0000E68B  _EP0BCL                            dds
           0000E68D  _EP1OUTBC                          dds
           0000E68F  _EP1INBC                           dds
           0000E690  _EP2BCH                            dds
           0000E691  _EP2BCL                            dds
           0000E694  _EP4BCH                            dds
           0000E695  _EP4BCL                            dds
           0000E698  _EP6BCH                            dds
           0000E699  _EP6BCL                            dds
           0000E69C  _EP8BCH                            dds
           0000E69D  _EP8BCL                            dds
           0000E6A0  _EP0CS                             dds
           0000E6A1  _EP1OUTCS                          dds
           0000E6A2  _EP1INCS                           dds
           0000E6A3  _EP2CS                             dds
           0000E6A4  _EP4CS                             dds
           0000E6A5  _EP6CS                             dds
           0000E6A6  _EP8CS                             dds
           0000E6A7  _EP2FIFOFLGS                       dds
           0000E6A8  _EP4FIFOFLGS                       dds
           0000E6A9  _EP6FIFOFLGS                       dds
           0000E6AA  _EP8FIFOFLGS                       dds
           0000E6AB  _EP2FIFOBCH                        dds
           0000E6AC  _EP2FIFOBCL                        dds
           0000E6AD  _EP4FIFOBCH                        dds
           0000E6AE  _EP4FIFOBCL                        dds
           0000E6AF  _EP6FIFOBCH                        dds
           0000E6B0  _EP6FIFOBCL                        dds
           0000E6B1  _EP8FIFOBCH                        dds
           0000E6B2  _EP8FIFOBCL                        dds
           0000E6B3  _SUDPTRH                           dds
           0000E6B4  _SUDPTRL                           dds
           0000E6B5  _SUDPTRCTL                         dds
           0000E6B8  _SETUPDAT                          dds
           0000E6C0  _GPIFWFSELECT                      dds
           0000E6C1  _GPIFIDLECS                        dds
           0000E6C2  _GPIFIDLECTL                       dds
           0000E6C3  _GPIFCTLCFG                        dds
           0000E6C4  _GPIFADRH                          dds
           0000E6C5  _GPIFADRL                          dds
           0000E6C6  _FLOWSTATE                         dds
           0000E6C7  _FLOWLOGIC                         dds
           0000E6C8  _FLOWEQ0CTL                        dds
           0000E6C9  _FLOWEQ1CTL                        dds
           0000E6CA  _FLOWHOLDOFF                       dds
           0000E6CB  _FLOWSTB                           dds
           0000E6CC  _FLOWSTBEDGE                       dds
           0000E6CD  _FLOWSTBHPERIOD                    dds
ASxxxx Linker V02.00 + NoICE + sdld,  page 7.
Hexadecimal  [32-Bits]

Area                                    Addr        Size        Decimal Bytes (Attributes)
--------------------------------        ----        ----        ------- ----- ------------
.	.ABS.                             00000000    00000000 =           0. bytes (ABS,CON)

      Value  Global                              Global Defined In Module
      -----  --------------------------------   ------------------------
           0000E6CE  _GPIFTCB3                          dds
           0000E6CF  _GPIFTCB2                          dds
           0000E6D0  _GPIFTCB1                          dds
           0000E6D1  _GPIFTCB0                          dds
           0000E6D2  _EP2GPIFFLGSEL                     dds
           0000E6D3  _EP2GPIFPFSTOP                     dds
           0000E6D4  _EP2GPIFTRIG                       dds
           0000E6DA  _EP4GPIFFLGSEL                     dds
           0000E6DB  _EP4GPIFPFSTOP                     dds
           0000E6DC  _EP4GPIFTRIG                       dds
           0000E6E2  _EP6GPIFFLGSEL                     dds
           0000E6E3  _EP6GPIFPFSTOP                     dds
           0000E6E4  _EP6GPIFTRIG                       dds
           0000E6EA  _EP8GPIFFLGSEL                     dds
           0000E6EB  _EP8GPIFPFSTOP                     dds
           0000E6EC  _EP8GPIFTRIG                       dds
           0000E6F0  _XGPIFSGLDATH                      dds
           0000E6F1  _XGPIFSGLDATLX                     dds
           0000E6F2  _XGPIFSGLDATLNOX                   dds
           0000E6F3  _GPIFREADYCFG                      dds
           0000E6F4  _GPIFREADYSTAT                     dds
           0000E6F5  _GPIFABORT                         dds
           0000E6F8  _DBUG                              dds
           0000E6F9  _TESTCFG                           dds
           0000E6FA  _USBTEST                           dds
           0000E6FB  _CT1                               dds
           0000E6FC  _CT2                               dds
           0000E6FD  _CT3                               dds
           0000E6FE  _CT4                               dds
           0000E740  _EP0BUF                            dds
           0000E780  _EP1OUTBUF                         dds
           0000E7C0  _EP1INBUF                          dds
           0000F000  _EP2FIFOBUF                        dds
           0000F400  _EP4FIFOBUF                        dds
           0000F800  _EP6FIFOBUF                        dds
           0000FC00  _EP8FIFOBUF                        dds

ASxxxx Linker V02.00 + NoICE + sdld,  page 8.
Hexadecimal  [32-Bits]

Area                                    Addr        Size        Decimal Bytes (Attributes)
--------------------------------        ----        ----        ------- ----- ------------
REG_BANK_0                          00000000    00000008 =           8. bytes (REL,OVR)

      Value  Global                              Global Defined In Module
      -----  --------------------------------   ------------------------
ASxxxx Linker V02.00 + NoICE + sdld,  page 9.
Hexadecimal  [32-Bits]

Area                                    Addr        Size        Decimal Bytes (Attributes)
--------------------------------        ----        ----        ------- ----- ------------
DSEG                                00000000    00000080 =         128. bytes (REL,CON)

      Value  Global                              Global Defined In Module
      -----  --------------------------------   ------------------------
           00000008  _dat                               dds

ASxxxx Linker V02.00 + NoICE + sdld,  page 10.
Hexadecimal  [32-Bits]

Area                                    Addr        Size        Decimal Bytes (Attributes)
--------------------------------        ----        ----        ------- ----- ------------
OSEG                                0000000A    00000004 =           4. bytes (REL,OVR)

      Value  Global                              Global Defined In Module
      -----  --------------------------------   ------------------------
ASxxxx Linker V02.00 + NoICE + sdld,  page 11.
Hexadecimal  [32-Bits]

Area                                    Addr        Size        Decimal Bytes (Attributes)
--------------------------------        ----        ----        ------- ----- ------------
SSEG                                0000000E    000000F2 =         242. bytes (REL,OVR)

      Value  Global                              Global Defined In Module
      -----  --------------------------------   ------------------------
           0000000E  __start__stack                     dds

ASxxxx Linker V02.00 + NoICE + sdld,  page 12.
Hexadecimal  [32-Bits]

Area                                    Addr        Size        Decimal Bytes (Attributes)
--------------------------------        ----        ----        ------- ----- ------------
HOME                                00000000    00000008 =           8. bytes (REL,CON,CODE)

      Value  Global                              Global Defined In Module
      -----  --------------------------------   ------------------------
     0C:   00000003  __sdcc_program_startup             dds

ASxxxx Linker V02.00 + NoICE + sdld,  page 13.
Hexadecimal  [32-Bits]

Area                                    Addr        Size        Decimal Bytes (Attributes)
--------------------------------        ----        ----        ------- ----- ------------
GSINIT0                             00000008    00000003 =           3. bytes (REL,CON,CODE)

      Value  Global                              Global Defined In Module
      -----  --------------------------------   ------------------------
     0C:   00000008  __sdcc_gsinit_startup              

ASxxxx Linker V02.00 + NoICE + sdld,  page 14.
Hexadecimal  [32-Bits]

Area                                    Addr        Size        Decimal Bytes (Attributes)
--------------------------------        ----        ----        ------- ----- ------------
GSINIT2                             0000000B    0000000A =          10. bytes (REL,CON,CODE)

      Value  Global                              Global Defined In Module
      -----  --------------------------------   ------------------------
ASxxxx Linker V02.00 + NoICE + sdld,  page 15.
Hexadecimal  [32-Bits]

Area                                    Addr        Size        Decimal Bytes (Attributes)
--------------------------------        ----        ----        ------- ----- ------------
GSINIT3                             00000015    00000022 =          34. bytes (REL,CON,CODE)

      Value  Global                              Global Defined In Module
      -----  --------------------------------   ------------------------
     0C:   00000015  __mcs51_genXINIT                   

ASxxxx Linker V02.00 + NoICE + sdld,  page 16.
Hexadecimal  [32-Bits]

Area                                    Addr        Size        Decimal Bytes (Attributes)
--------------------------------        ----        ----        ------- ----- ------------
GSINIT4                             00000037    0000002A =          42. bytes (REL,CON,CODE)

      Value  Global                              Global Defined In Module
      -----  --------------------------------   ------------------------
     0C:   00000037  __mcs51_genRAMCLEAR                
     0C:   0000003D  __mcs51_genXRAMCLEAR               

ASxxxx Linker V02.00 + NoICE + sdld,  page 17.
Hexadecimal  [32-Bits]

Area                                    Addr        Size        Decimal Bytes (Attributes)
--------------------------------        ----        ----        ------- ----- ------------
GSINIT                              00000061    00000005 =           5. bytes (REL,CON,CODE)

      Value  Global                              Global Defined In Module
      -----  --------------------------------   ------------------------
ASxxxx Linker V02.00 + NoICE + sdld,  page 18.
Hexadecimal  [32-Bits]

Area                                    Addr        Size        Decimal Bytes (Attributes)
--------------------------------        ----        ----        ------- ----- ------------
GSFINAL                             00000066    00000003 =           3. bytes (REL,CON,CODE)

      Value  Global                              Global Defined In Module
      -----  --------------------------------   ------------------------
ASxxxx Linker V02.00 + NoICE + sdld,  page 19.
Hexadecimal  [32-Bits]

Area                                    Addr        Size        Decimal Bytes (Attributes)
--------------------------------        ----        ----        ------- ----- ------------
CSEG                                00000069    00000246 =         582. bytes (REL,CON,CODE)

      Value  Global                              Global Defined In Module
      -----  --------------------------------   ------------------------
     0C:   00000216  _main                              dds
     0C:   000002AB  __sdcc_external_startup            _startup

ASxxxx Linker V02.00 + NoICE + sdld,  page 20.

Files Linked                              [ module(s) ]

dds.rel                                   [  ]


Libraries Linked                          [ object file ]

c:\GNURadio\sdcc\bin\..\lib\small/mcs51.lib
                                          [ crtclear.rel ]
c:\GNURadio\sdcc\bin\..\lib\small/mcs51.lib
                                          [ crtxinit.rel ]
c:\GNURadio\sdcc\bin\..\lib\small/mcs51.lib
                                          [ crtxclear.rel ]
c:\GNURadio\sdcc\bin\..\lib\small/mcs51.lib
                                          [ crtpagesfr.rel ]
c:\GNURadio\sdcc\bin\..\lib\small/mcs51.lib
                                          [ crtstart.rel ]
c:\GNURadio\sdcc\bin\..\lib\small/libsdcc.lib
                                          [ _startup.rel ]

ASxxxx Linker V02.00 + NoICE + sdld,  page 21.

User Base Address Definitions

HOME = 0x0000
ISEG = 0x0000
BSEG = 0x0000

