ASxxxx Linker V03.00 + NoICE + sdld,  page 1.
Hexadecimal  [32-Bits]

Area                                    Addr        Size        Decimal Bytes (Attributes)
--------------------------------        ----        ----        ------- ----- ------------
CABS                                00000000    00000000 =           0. bytes (ABS,CON,CODE)

      Value  Global                              Global Defined In Module
      -----  --------------------------------   ------------------------
C:   FFFFFF00  s_BSEG                          
C:   00000000  l_BIT_BANK                      
C:   00000000  l_BSEG                          
C:   00000000  l_BSEG_BYTES                    
C:   00000000  l_CABS                          
C:   00000000  l_CONST                         
C:   00000000  l_GSINIT                        
C:   00000000  l_GSINIT1                       
C:   00000000  l_GSINIT5                       
C:   00000000  l_IABS                          
C:   00000000  l_ISEG                          
C:   00000000  l_PSEG                          
C:   00000000  l_REG_BANK_1                    
C:   00000000  l_REG_BANK_2                    
C:   00000000  l_REG_BANK_3                    
C:   00000000  l_RSEG                          
C:   00000000  l_RSEG0                         
C:   00000000  l_RSEG1                         
C:   00000000  l_XABS                          
C:   00000000  l_XINIT                         
C:   00000000  l_XISEG                         
C:   00000000  l_XSEG                          
C:   00000000  l__CODE                         
C:   00000000  s_BSEG_BYTES                    
C:   00000000  s_CABS                          
C:   00000000  s_DSEG                          
C:   00000000  s_HOME                          
C:   00000000  s_IABS                          
C:   00000000  s_ISEG                          
C:   00000000  s_PSEG                          
C:   00000000  s_REG_BANK_0                    
C:   00000000  s_RSEG                          
C:   00000000  s_RSEG0                         
C:   00000000  s_RSEG1                         
C:   00000000  s_XABS                          
C:   00000000  s_XISEG                         
C:   00000000  s_XSEG                          
C:   00000003  l_GSFINAL                       
C:   00000003  l_GSINIT0                       
C:   00000003  l_OSEG                          
C:   00000008  l_HOME                          
C:   00000008  l_REG_BANK_0                    
C:   00000008  s_GSINIT0                       
C:   00000008  s_OSEG                          
C:   00000008  s_REG_BANK_1                    
C:   0000000A  l_GSINIT2                       
C:   0000000B  s_GSINIT1                       
C:   0000000B  s_GSINIT2                       
C:   0000000B  s_SSEG                          
C:   00000010  s_REG_BANK_2                    
ASxxxx Linker V03.00 + NoICE + sdld,  page 2.
Hexadecimal  [32-Bits]

Area                                    Addr        Size        Decimal Bytes (Attributes)
--------------------------------        ----        ----        ------- ----- ------------
CABS                                00000000    00000000 =           0. bytes (ABS,CON,CODE)

      Value  Global                              Global Defined In Module
      -----  --------------------------------   ------------------------
C:   00000015  s_GSINIT3                       
C:   00000018  s_BIT_BANK                      
C:   00000018  s_REG_BANK_3                    
C:   00000020  s__CODE                         
C:   00000022  l_GSINIT3                       
C:   0000002A  l_GSINIT4                       
C:   00000037  s_GSINIT4                       
C:   00000061  s_GSFINAL                       
C:   00000061  s_GSINIT                        
C:   00000061  s_GSINIT5                       
C:   00000064  s_CSEG                          
C:   00000080  l_DSEG                          
C:   000000F5  l_SSEG                          
C:   00000100  l_IRAM                          
C:   0000013C  l_CSEG                          
C:   000001A0  s_CONST                         
C:   000001A0  s_XINIT                         

ASxxxx Linker V03.00 + NoICE + sdld,  page 3.
Hexadecimal  [32-Bits]

Area                                    Addr        Size        Decimal Bytes (Attributes)
--------------------------------        ----        ----        ------- ----- ------------
.  .ABS.                            00000000    00000000 =           0. bytes (ABS,CON)

      Value  Global                              Global Defined In Module
      -----  --------------------------------   ------------------------
     00000000  .__.ABS.                           _startup
     00000080  _IOA                               convert
     00000081  _SP                                convert
     00000082  _DPL                               convert
     00000083  _DPH                               convert
     00000084  _DPL1                              convert
     00000085  _DPH1                              convert
     00000086  _DPS                               convert
     00000087  _PCON                              convert
     00000088  _TCON                              convert
     00000089  _TMOD                              convert
     0000008A  _TL0                               convert
     0000008B  _TL1                               convert
     0000008C  _TH0                               convert
     0000008D  _TH1                               convert
     0000008E  _CKCO                              convert
     0000008F  _SPC_                              convert
     00000090  _IOB                               convert
     00000091  _EXIF                              convert
     00000092  _MPA                               convert
     00000098  _SCO                               convert
     00000099  _SBU                               convert
     0000009A  _APTR1H                            convert
     0000009B  _APTR1L                            convert
     0000009C  _AUTODAT1                          convert
     0000009D  _AUTOPTRH2                         convert
     0000009E  _AUTOPTRL2                         convert
     0000009F  _AUTODAT2                          convert
     000000A0  _IOC                               convert
     000000A0  __XPAGE                            
     000000A1  _INT2CLR                           convert
     000000A2  _INT4CLR                           convert
     000000A8  _IE                                convert
     000000AA  _EP2468STAT                        convert
     000000AB  _EP24FIFOFLGS                      convert
     000000AC  _EP68FIFOFLGS                      convert
     000000AF  _AUTOPTRSETUP                      convert
     000000B0  _IOD                               convert
     000000B1  _IOE                               convert
     000000B2  _OEA                               convert
     000000B3  _OEB                               convert
     000000B4  _OEC                               convert
     000000B5  _OED                               convert
     000000B6  _OEE                               convert
     000000B8  _IP                                convert
     000000BA  _EP01STAT                          convert
     000000BB  _GPIFTRIG                          convert
     000000BD  _GPIFSGLDATH                       convert
     000000BE  _GPIFSGLDATLX                      convert
     000000BF  _GPIFSGLDATLNOX                    convert
ASxxxx Linker V03.00 + NoICE + sdld,  page 4.
Hexadecimal  [32-Bits]

Area                                    Addr        Size        Decimal Bytes (Attributes)
--------------------------------        ----        ----        ------- ----- ------------
.  .ABS.                            00000000    00000000 =           0. bytes (ABS,CON)

      Value  Global                              Global Defined In Module
      -----  --------------------------------   ------------------------
     000000C0  _SCON1                             convert
     000000C1  _SBUF1                             convert
     000000C8  _T2CON                             convert
     000000CA  _RCAP2L                            convert
     000000CB  _RCAP2H                            convert
     000000CC  _TL2                               convert
     000000CD  _TH2                               convert
     000000D0  _PSW                               convert
     000000D8  _EICON                             convert
     000000E0  _ACC                               convert
     000000E8  _EIE                               convert
     000000F0  _B                                 convert
     000000F8  _EIP                               convert
     0000E400  _GPIF_WAVE_DATA                    convert
     0000E480  _RES_WAVEDATA_END                  convert
     0000E600  _CPUCS                             convert
     0000E601  _IFCONFIG                          convert
     0000E602  _PINFLAGSAB                        convert
     0000E603  _PINFLAGSCD                        convert
     0000E604  _FIFORESET                         convert
     0000E605  _BREAKPT                           convert
     0000E606  _BPADDRH                           convert
     0000E607  _BPADDRL                           convert
     0000E608  _UART230                           convert
     0000E609  _FIFOPINPOLAR                      convert
     0000E60A  _REVID                             convert
     0000E60B  _REVCTL                            convert
     0000E60C  _GPIFHOLDAMOUNT                    convert
     0000E610  _EP1OUTCFG                         convert
     0000E611  _EP1INCFG                          convert
     0000E612  _EP2CFG                            convert
     0000E613  _EP4CFG                            convert
     0000E614  _EP6CFG                            convert
     0000E615  _EP8CFG                            convert
     0000E618  _EP2FIFOCFG                        convert
     0000E619  _EP4FIFOCFG                        convert
     0000E61A  _EP6FIFOCFG                        convert
     0000E61B  _EP8FIFOCFG                        convert
     0000E620  _EP2AUTOINLENH                     convert
     0000E621  _EP2AUTOINLENL                     convert
     0000E622  _EP4AUTOINLENH                     convert
     0000E623  _EP4AUTOINLENL                     convert
     0000E624  _EP6AUTOINLENH                     convert
     0000E625  _EP6AUTOINLENL                     convert
     0000E626  _EP8AUTOINLENH                     convert
     0000E627  _EP8AUTOINLENL                     convert
     0000E630  _EP2FIFOPFH                        convert
     0000E631  _EP2FIFOPFL                        convert
     0000E632  _EP4FIFOPFH                        convert
     0000E633  _EP4FIFOPFL                        convert
     0000E634  _EP6FIFOPFH                        convert
ASxxxx Linker V03.00 + NoICE + sdld,  page 5.
Hexadecimal  [32-Bits]

Area                                    Addr        Size        Decimal Bytes (Attributes)
--------------------------------        ----        ----        ------- ----- ------------
.  .ABS.                            00000000    00000000 =           0. bytes (ABS,CON)

      Value  Global                              Global Defined In Module
      -----  --------------------------------   ------------------------
     0000E635  _EP6FIFOPFL                        convert
     0000E636  _EP8FIFOPFH                        convert
     0000E637  _EP8FIFOPFL                        convert
     0000E640  _EP2ISOINPKTS                      convert
     0000E641  _EP4ISOINPKTS                      convert
     0000E642  _EP6ISOINPKTS                      convert
     0000E643  _EP8ISOINPKTS                      convert
     0000E648  _INPKTEND                          convert
     0000E649  _OUTPKTEND                         convert
     0000E650  _EP2FIFOIE                         convert
     0000E651  _EP2FIFOIRQ                        convert
     0000E652  _EP4FIFOIE                         convert
     0000E653  _EP4FIFOIRQ                        convert
     0000E654  _EP6FIFOIE                         convert
     0000E655  _EP6FIFOIRQ                        convert
     0000E656  _EP8FIFOIE                         convert
     0000E657  _EP8FIFOIRQ                        convert
     0000E658  _IBNIE                             convert
     0000E659  _IBNIRQ                            convert
     0000E65A  _NAKIE                             convert
     0000E65B  _NAKIRQ                            convert
     0000E65C  _USBIE                             convert
     0000E65D  _USBIRQ                            convert
     0000E65E  _EPIE                              convert
     0000E65F  _EPIRQ                             convert
     0000E660  _GPIFIE                            convert
     0000E661  _GPIFIRQ                           convert
     0000E662  _USBERRIE                          convert
     0000E663  _USBERRIRQ                         convert
     0000E664  _ERRCNTLIM                         convert
     0000E665  _CLRERRCNT                         convert
     0000E666  _INT2IVEC                          convert
     0000E667  _INT4IVEC                          convert
     0000E668  _INTSETUP                          convert
     0000E670  _PORTACFG                          convert
     0000E671  _PORTCCFG                          convert
     0000E672  _PORTECFG                          convert
     0000E678  _I2CS                              convert
     0000E679  _I2DAT                             convert
     0000E67A  _I2CTL                             convert
     0000E67B  _XAUTODAT1                         convert
     0000E67C  _XAUTODAT2                         convert
     0000E67D  _UDMACRCH                          convert
     0000E67E  _UDMACRCL                          convert
     0000E67F  _UDMACRCQUAL                       convert
     0000E680  _USBCS                             convert
     0000E681  _SUSPEND                           convert
     0000E682  _WAKEUPCS                          convert
     0000E683  _TOGCTL                            convert
     0000E684  _USBFRAMEH                         convert
     0000E685  _USBFRAMEL                         convert
ASxxxx Linker V03.00 + NoICE + sdld,  page 6.
Hexadecimal  [32-Bits]

Area                                    Addr        Size        Decimal Bytes (Attributes)
--------------------------------        ----        ----        ------- ----- ------------
.  .ABS.                            00000000    00000000 =           0. bytes (ABS,CON)

      Value  Global                              Global Defined In Module
      -----  --------------------------------   ------------------------
     0000E686  _MICROFRAME                        convert
     0000E687  _FNADDR                            convert
     0000E68A  _EP0BCH                            convert
     0000E68B  _EP0BCL                            convert
     0000E68D  _EP1OUTBC                          convert
     0000E68F  _EP1INBC                           convert
     0000E690  _EP2BCH                            convert
     0000E691  _EP2BCL                            convert
     0000E694  _EP4BCH                            convert
     0000E695  _EP4BCL                            convert
     0000E698  _EP6BCH                            convert
     0000E699  _EP6BCL                            convert
     0000E69C  _EP8BCH                            convert
     0000E69D  _EP8BCL                            convert
     0000E6A0  _EP0CS                             convert
     0000E6A1  _EP1OUTCS                          convert
     0000E6A2  _EP1INCS                           convert
     0000E6A3  _EP2CS                             convert
     0000E6A4  _EP4CS                             convert
     0000E6A5  _EP6CS                             convert
     0000E6A6  _EP8CS                             convert
     0000E6A7  _EP2FIFOFLGS                       convert
     0000E6A8  _EP4FIFOFLGS                       convert
     0000E6A9  _EP6FIFOFLGS                       convert
     0000E6AA  _EP8FIFOFLGS                       convert
     0000E6AB  _EP2FIFOBCH                        convert
     0000E6AC  _EP2FIFOBCL                        convert
     0000E6AD  _EP4FIFOBCH                        convert
     0000E6AE  _EP4FIFOBCL                        convert
     0000E6AF  _EP6FIFOBCH                        convert
     0000E6B0  _EP6FIFOBCL                        convert
     0000E6B1  _EP8FIFOBCH                        convert
     0000E6B2  _EP8FIFOBCL                        convert
     0000E6B3  _SUDPTRH                           convert
     0000E6B4  _SUDPTRL                           convert
     0000E6B5  _SUDPTRCTL                         convert
     0000E6B8  _SETUPDAT                          convert
     0000E6C0  _GPIFWFSELECT                      convert
     0000E6C1  _GPIFIDLECS                        convert
     0000E6C2  _GPIFIDLECTL                       convert
     0000E6C3  _GPIFCTLCFG                        convert
     0000E6C4  _GPIFADRH                          convert
     0000E6C5  _GPIFADRL                          convert
     0000E6C6  _FLOWSTATE                         convert
     0000E6C7  _FLOWLOGIC                         convert
     0000E6C8  _FLOWEQ0CTL                        convert
     0000E6C9  _FLOWEQ1CTL                        convert
     0000E6CA  _FLOWHOLDOFF                       convert
     0000E6CB  _FLOWSTB                           convert
     0000E6CC  _FLOWSTBEDGE                       convert
     0000E6CD  _FLOWSTBHPERIOD                    convert
ASxxxx Linker V03.00 + NoICE + sdld,  page 7.
Hexadecimal  [32-Bits]

Area                                    Addr        Size        Decimal Bytes (Attributes)
--------------------------------        ----        ----        ------- ----- ------------
.  .ABS.                            00000000    00000000 =           0. bytes (ABS,CON)

      Value  Global                              Global Defined In Module
      -----  --------------------------------   ------------------------
     0000E6CE  _GPIFTCB3                          convert
     0000E6CF  _GPIFTCB2                          convert
     0000E6D0  _GPIFTCB1                          convert
     0000E6D1  _GPIFTCB0                          convert
     0000E6D2  _EP2GPIFFLGSEL                     convert
     0000E6D3  _EP2GPIFPFSTOP                     convert
     0000E6D4  _EP2GPIFTRIG                       convert
     0000E6DA  _EP4GPIFFLGSEL                     convert
     0000E6DB  _EP4GPIFPFSTOP                     convert
     0000E6DC  _EP4GPIFTRIG                       convert
     0000E6E2  _EP6GPIFFLGSEL                     convert
     0000E6E3  _EP6GPIFPFSTOP                     convert
     0000E6E4  _EP6GPIFTRIG                       convert
     0000E6EA  _EP8GPIFFLGSEL                     convert
     0000E6EB  _EP8GPIFPFSTOP                     convert
     0000E6EC  _EP8GPIFTRIG                       convert
     0000E6F0  _XGPIFSGLDATH                      convert
     0000E6F1  _XGPIFSGLDATLX                     convert
     0000E6F2  _XGPIFSGLDATLNOX                   convert
     0000E6F3  _GPIFREADYCFG                      convert
     0000E6F4  _GPIFREADYSTAT                     convert
     0000E6F5  _GPIFABORT                         convert
     0000E6F8  _DBUG                              convert
     0000E6F9  _TESTCFG                           convert
     0000E6FA  _USBTEST                           convert
     0000E6FB  _CT1                               convert
     0000E6FC  _CT2                               convert
     0000E6FD  _CT3                               convert
     0000E6FE  _CT4                               convert
     0000E740  _EP0BUF                            convert
     0000E780  _EP1OUTBUF                         convert
     0000E7C0  _EP1INBUF                          convert
     0000F000  _EP2FIFOBUF                        convert
     0000F400  _EP4FIFOBUF                        convert
     0000F800  _EP6FIFOBUF                        convert
     0000FC00  _EP8FIFOBUF                        convert

ASxxxx Linker V03.00 + NoICE + sdld,  page 8.
Hexadecimal  [32-Bits]

Area                                    Addr        Size        Decimal Bytes (Attributes)
--------------------------------        ----        ----        ------- ----- ------------
REG_BANK_0                          00000000    00000008 =           8. bytes (REL,OVR)

      Value  Global                              Global Defined In Module
      -----  --------------------------------   ------------------------
ASxxxx Linker V03.00 + NoICE + sdld,  page 9.
Hexadecimal  [32-Bits]

Area                                    Addr        Size        Decimal Bytes (Attributes)
--------------------------------        ----        ----        ------- ----- ------------
DSEG                                00000000    00000080 =         128. bytes (REL,CON)

      Value  Global                              Global Defined In Module
      -----  --------------------------------   ------------------------
ASxxxx Linker V03.00 + NoICE + sdld,  page 10.
Hexadecimal  [32-Bits]

Area                                    Addr        Size        Decimal Bytes (Attributes)
--------------------------------        ----        ----        ------- ----- ------------
OSEG                                00000008    00000003 =           3. bytes (REL,OVR)

      Value  Global                              Global Defined In Module
      -----  --------------------------------   ------------------------
ASxxxx Linker V03.00 + NoICE + sdld,  page 11.
Hexadecimal  [32-Bits]

Area                                    Addr        Size        Decimal Bytes (Attributes)
--------------------------------        ----        ----        ------- ----- ------------
SSEG                                0000000B    000000F5 =         245. bytes (REL,OVR)

      Value  Global                              Global Defined In Module
      -----  --------------------------------   ------------------------
     0000000B  __start__stack                     convert

ASxxxx Linker V03.00 + NoICE + sdld,  page 12.
Hexadecimal  [32-Bits]

Area                                    Addr        Size        Decimal Bytes (Attributes)
--------------------------------        ----        ----        ------- ----- ------------
HOME                                00000000    00000008 =           8. bytes (REL,CON,CODE)

      Value  Global                              Global Defined In Module
      -----  --------------------------------   ------------------------
C:   00000003  __sdcc_program_startup             convert

ASxxxx Linker V03.00 + NoICE + sdld,  page 13.
Hexadecimal  [32-Bits]

Area                                    Addr        Size        Decimal Bytes (Attributes)
--------------------------------        ----        ----        ------- ----- ------------
GSINIT0                             00000008    00000003 =           3. bytes (REL,CON,CODE)

      Value  Global                              Global Defined In Module
      -----  --------------------------------   ------------------------
C:   00000008  __sdcc_gsinit_startup              

ASxxxx Linker V03.00 + NoICE + sdld,  page 14.
Hexadecimal  [32-Bits]

Area                                    Addr        Size        Decimal Bytes (Attributes)
--------------------------------        ----        ----        ------- ----- ------------
GSINIT2                             0000000B    0000000A =          10. bytes (REL,CON,CODE)

      Value  Global                              Global Defined In Module
      -----  --------------------------------   ------------------------
ASxxxx Linker V03.00 + NoICE + sdld,  page 15.
Hexadecimal  [32-Bits]

Area                                    Addr        Size        Decimal Bytes (Attributes)
--------------------------------        ----        ----        ------- ----- ------------
GSINIT3                             00000015    00000022 =          34. bytes (REL,CON,CODE)

      Value  Global                              Global Defined In Module
      -----  --------------------------------   ------------------------
C:   00000015  __mcs51_genXINIT                   

ASxxxx Linker V03.00 + NoICE + sdld,  page 16.
Hexadecimal  [32-Bits]

Area                                    Addr        Size        Decimal Bytes (Attributes)
--------------------------------        ----        ----        ------- ----- ------------
GSINIT4                             00000037    0000002A =          42. bytes (REL,CON,CODE)

      Value  Global                              Global Defined In Module
      -----  --------------------------------   ------------------------
C:   00000037  __mcs51_genRAMCLEAR                
C:   0000003D  __mcs51_genXRAMCLEAR               

ASxxxx Linker V03.00 + NoICE + sdld,  page 17.
Hexadecimal  [32-Bits]

Area                                    Addr        Size        Decimal Bytes (Attributes)
--------------------------------        ----        ----        ------- ----- ------------
GSFINAL                             00000061    00000003 =           3. bytes (REL,CON,CODE)

      Value  Global                              Global Defined In Module
      -----  --------------------------------   ------------------------
ASxxxx Linker V03.00 + NoICE + sdld,  page 18.
Hexadecimal  [32-Bits]

Area                                    Addr        Size        Decimal Bytes (Attributes)
--------------------------------        ----        ----        ------- ----- ------------
CSEG                                00000064    0000013C =         316. bytes (REL,CON,CODE)

      Value  Global                              Global Defined In Module
      -----  --------------------------------   ------------------------
C:   00000184  _main                              convert
C:   0000019C  __sdcc_external_startup            _startup

ASxxxx Linker V03.00 + NoICE + sdld,  page 19.

Files Linked                              [ module(s) ]

convert.rel                               [  ]


Libraries Linked                          [ object file ]

C:\Program Files (x86)\SDCC\bin\..\lib\small/mcs51.lib
                                          [ crtclear.rel ]
C:\Program Files (x86)\SDCC\bin\..\lib\small/mcs51.lib
                                          [ crtxinit.rel ]
C:\Program Files (x86)\SDCC\bin\..\lib\small/mcs51.lib
                                          [ crtxclear.rel ]
C:\Program Files (x86)\SDCC\bin\..\lib\small/mcs51.lib
                                          [ crtpagesfr.rel ]
C:\Program Files (x86)\SDCC\bin\..\lib\small/mcs51.lib
                                          [ crtstart.rel ]
C:\Program Files (x86)\SDCC\bin\..\lib\small/libsdcc.lib
                                          [ _startup.rel ]

ASxxxx Linker V03.00 + NoICE + sdld,  page 20.

User Base Address Definitions

HOME = 0x0000
ISEG = 0x0000
BSEG = 0x0000

